###############################################################################
#
# IAR ELF Linker V7.20.2.7424/W32 for ARM                 27/Apr/2016  13:36:43
# Copyright 2007-2014 IAR Systems AB.
#
#    Output file  =  
#        E:\smartcar\程序\k66数字\数字摄像头20160427\output\FLASH\Exe\IAR_K60N512.out
#    Map file     =  
#        E:\smartcar\程序\k66数字\数字摄像头20160427\output\FLASH\List\IAR_K60N512.map
#    Command line =  
#        E:\smartcar\程序\k66数字\数字摄像头20160427\output\FLASH\Obj\adc.o
#        E:\smartcar\程序\k66数字\数字摄像头20160427\output\FLASH\Obj\calcenter.o
#        E:\smartcar\程序\k66数字\数字摄像头20160427\output\FLASH\Obj\clkinit.o
#        E:\smartcar\程序\k66数字\数字摄像头20160427\output\FLASH\Obj\const.o
#        E:\smartcar\程序\k66数字\数字摄像头20160427\output\FLASH\Obj\control.o
#        E:\smartcar\程序\k66数字\数字摄像头20160427\output\FLASH\Obj\core.o
#        E:\smartcar\程序\k66数字\数字摄像头20160427\output\FLASH\Obj\crt0.o
#        E:\smartcar\程序\k66数字\数字摄像头20160427\output\FLASH\Obj\dma.o
#        E:\smartcar\程序\k66数字\数字摄像头20160427\output\FLASH\Obj\gpio.o
#        E:\smartcar\程序\k66数字\数字摄像头20160427\output\FLASH\Obj\gyro.o
#        E:\smartcar\程序\k66数字\数字摄像头20160427\output\FLASH\Obj\i2c.o
#        E:\smartcar\程序\k66数字\数字摄像头20160427\output\FLASH\Obj\interrupt.o
#        E:\smartcar\程序\k66数字\数字摄像头20160427\output\FLASH\Obj\keyboard.o
#        E:\smartcar\程序\k66数字\数字摄像头20160427\output\FLASH\Obj\main.o
#        E:\smartcar\程序\k66数字\数字摄像头20160427\output\FLASH\Obj\math.o
#        E:\smartcar\程序\k66数字\数字摄像头20160427\output\FLASH\Obj\mcg.o
#        E:\smartcar\程序\k66数字\数字摄像头20160427\output\FLASH\Obj\pid.o
#        E:\smartcar\程序\k66数字\数字摄像头20160427\output\FLASH\Obj\print.o
#        E:\smartcar\程序\k66数字\数字摄像头20160427\output\FLASH\Obj\pulse_counter.o
#        E:\smartcar\程序\k66数字\数字摄像头20160427\output\FLASH\Obj\pwm.o
#        E:\smartcar\程序\k66数字\数字摄像头20160427\output\FLASH\Obj\sccb.o
#        E:\smartcar\程序\k66数字\数字摄像头20160427\output\FLASH\Obj\schedule.o
#        E:\smartcar\程序\k66数字\数字摄像头20160427\output\FLASH\Obj\search.o
#        E:\smartcar\程序\k66数字\数字摄像头20160427\output\FLASH\Obj\spi.o
#        E:\smartcar\程序\k66数字\数字摄像头20160427\output\FLASH\Obj\start.o
#        E:\smartcar\程序\k66数字\数字摄像头20160427\output\FLASH\Obj\systeminit.o
#        E:\smartcar\程序\k66数字\数字摄像头20160427\output\FLASH\Obj\timer.o
#        E:\smartcar\程序\k66数字\数字摄像头20160427\output\FLASH\Obj\uart.o
#        E:\smartcar\程序\k66数字\数字摄像头20160427\output\FLASH\Obj\vectors.o
#        E:\smartcar\程序\k66数字\数字摄像头20160427\output\FLASH\Obj\wdog.o
#        --redirect _Printf=_PrintfFull --redirect _Scanf=_ScanfFull -o
#        E:\smartcar\程序\k66数字\数字摄像头20160427\output\FLASH\Exe\IAR_K60N512.out
#        --map
#        E:\smartcar\程序\k66数字\数字摄像头20160427\output\FLASH\List\IAR_K60N512.map
#        --config "E:\Program Files (x86)\IAR Systems\Embedded Workbench
#        7.0\arm\config\linker\Freescale\MK66xN2M_18.icf" --semihosting --entry
#        __iar_program_start --vfe
#
###############################################################################

*******************************************************************************
*** MESSAGES
***

Error[Li005]: no definition for "__VECTOR_TABLE" [referenced from
          E:\smartcar\程序\k66数字\数字摄像头20160427\output\FLASH\Obj\start.o]
Error[Li005]: no definition for "__VECTOR_RAM" [referenced from
          E:\smartcar\程序\k66数字\数字摄像头20160427\output\FLASH\Obj\start.o]
Error[Li005]: no definition for "__BOOT_STACK_ADDRESS" [referenced from E:\smar
          tcar\程序\k66数字\数字摄像头20160427\output\FLASH\Obj\vectors.o]


*******************************************************************************
*** RUNTIME MODEL ATTRIBUTES
***

CppFlavor       = *
__SystemLibrary = DLib


*******************************************************************************
*** PLACEMENT SUMMARY
***

"A1":  place at 0x00000000 { ro section .intvec };
"P2":  place in [from 0x00000000 to 0x000003ff] |
                [from 0x00000410 to 0x001fffff] { ro };
"P3":  place in [from 0x1fff0000 to 0x1fffffff] |
                [from 0x20000000 to 0x2002ffff] { rw, block CSTACK, block HEAP };

  Section              Kind        Address     Size  Object
  -------              ----        -------     ----  ------
"A1":                                         0x410
  .intvec              const    0x00000000    0x410  vectors.o [1]
                              - 0x00000410    0x410

"P2":                                       0x784e8
  .rodata              const    0x00000410  0x4bc60  const.o [1]
  .rodata              const    0x0004c070  0x16d28  const.o [1]
  .text                ro code  0x00062d98   0x9d98  search.o [1]
  .text                ro code  0x0006cb30    0x1ec  math.o [1]
  .text                ro code  0x0006cd1c   0x5530  calcenter.o [1]
  .text                ro code  0x0007224c    0x17c  pid.o [1]
  .text                ro code  0x000723c8    0x132  I64DivMod.o [5]
  .text                ro code  0x000724fa     0x2e  copy_init3.o [5]
  .text                ro code  0x00072528      0x2  I64DivZer.o [5]
  .text                ro code  0x0007252a     0x22  zero_init3.o [5]
  .text                ro code  0x0007254c   0x2c9c  keyboard.o [1]
  .text                ro code  0x000751e8    0x5a0  i2c.o [1]
  .text                ro code  0x00075788     0x52  keyboard.o [1]
  .text                ro code  0x000757da     0x1a  keyboard.o [1]
  .text                ro code  0x000757f4     0x1a  keyboard.o [1]
  .text                ro code  0x00075810    0x110  adc.o [1]
  .text                ro code  0x00075920    0xe10  schedule.o [1]
  .text                ro code  0x00076730     0xf8  spi.o [1]
  .text                ro code  0x00076828    0x1d0  uart.o [1]
  .rodata              const    0x000769f8    0x508  sccb.o [1]
  .text                ro code  0x00076f00    0x4e4  sccb.o [1]
  .text                ro code  0x000773e4    0x320  dma.o [1]
  .text                ro code  0x00077704    0x268  interrupt.o [1]
  .rodata              const    0x0007796c    0x25c  math.o [1]
  .rodata              const    0x00077bc8    0x258  math.o [1]
  .text                ro code  0x00077e20    0x234  pwm.o [1]
  .text                ro code  0x00078054    0x16c  mcg.o [1]
  .text                ro code  0x000781c0     0x4c  mcg.o [1]
  .text                ro code  0x0007820c    0x148  gpio.o [1]
  .text                ro code  0x00078354     0xd0  pulse_counter.o [1]
  .rodata              const    0x00078424     0xc8  const.o [1]
  .text                ro code  0x000784ec     0xb0  start.o [1]
  .text                ro code  0x0007859c     0x34  wdog.o [1]
  .text                ro code  0x000785d0     0x74  clkinit.o [1]
  .text                ro code  0x00078644     0x24  main.o [1]
  .text                ro code  0x00078668      0xc  core.o [1]
  .text                ro code  0x00078674     0x8c  systeminit.o [1]
  .text                ro code  0x00078700     0x84  timer.o [1]
  .text                ro code  0x00078784     0x20  control.o [1]
  .noinit              ro code  0x000787a4     0x3c  crt0.o [1]
  .text                ro code  0x000787e0     0x28  data_init.o [5]
  .data_init                    0x00078808     0x28  <Block>
    Initializer bytes  ro data  0x00078808     0x28  <for .data-1> (used: 0x0)
  .iar.init_table      const    0x00078830     0x24  - Linker created -
  .text                ro code  0x00078854     0x20  vectors.o [1]
  .text                ro code  0x00078874     0x1a  fpinit_M.o [4]
  .text                ro code  0x00078890     0x1a  cmain.o [5]
  .text                ro code  0x000788aa      0x4  low_level_init.o [3]
  .text                ro code  0x000788ae      0x4  exit.o [3]
  .text                ro code  0x000788b4      0xa  cexit.o [5]
  .text                ro code  0x000788c0     0x14  exit.o [6]
  .text                ro code  0x000788d4      0xc  cstartup_M.o [5]
  .rodata              const    0x000788e0      0x8  schedule.o [1]
  .rodata              const    0x000788e8      0x8  schedule.o [1]
  .rodata              const    0x000788f0      0x8  schedule.o [1]
  .rodata              const    0x000788f8      0x0  zero_init3.o [5]
  .rodata              const    0x000788f8      0x0  copy_init3.o [5]
                              - 0x000788f8  0x784e8

"P3":                                        0xadbe
  .data                         0x1fff0000     0x28  <Block>
    .data-1                     0x1fff0000     0x25  <Init block>
      .data            inited   0x1fff0000      0x2  schedule.o [1]
      .data            inited   0x1fff0002      0x1  schedule.o [1]
      .data            inited   0x1fff0003      0x1  schedule.o [1]
      .data            inited   0x1fff0004      0x2  schedule.o [1]
      .data            inited   0x1fff0006      0x2  schedule.o [1]
      .data            inited   0x1fff0008      0x2  schedule.o [1]
      .data            inited   0x1fff000a      0x2  schedule.o [1]
      .data            inited   0x1fff000c      0x2  schedule.o [1]
      .data            inited   0x1fff000e      0x2  search.o [1]
      .data            inited   0x1fff0010      0x2  search.o [1]
      .data            inited   0x1fff0012      0x2  search.o [1]
      .data            inited   0x1fff0014      0x2  search.o [1]
      .data            inited   0x1fff0016      0x2  search.o [1]
      .data            inited   0x1fff0018      0x2  search.o [1]
      .data            inited   0x1fff001a      0x2  search.o [1]
      .data            inited   0x1fff001c      0x2  search.o [1]
      .data            inited   0x1fff001e      0x2  search.o [1]
      .data            inited   0x1fff0020      0x2  search.o [1]
      .data            inited   0x1fff0022      0x2  search.o [1]
      .data            inited   0x1fff0024      0x1  search.o [1]
  .bss                          0x1fff0028   0xad96  <Block>
    .bss               zero     0x1fff0028     0x14  calcenter.o [1]
    .bss               zero     0x1fff003c     0x14  calcenter.o [1]
    .bss               zero     0x1fff0050    0x398  calcenter.o [1]
    .bss               zero     0x1fff03e8     0x28  calcenter.o [1]
    .bss               zero     0x1fff0410      0x4  clkinit.o [1]
    .bss               zero     0x1fff0414      0x4  clkinit.o [1]
    .bss               zero     0x1fff0418      0x4  clkinit.o [1]
    .bss               zero     0x1fff041c      0x4  clkinit.o [1]
    .bss               zero     0x1fff0420   0x5b4c  dma.o [1]
    .bss               zero     0x1fff5f6c      0x4  dma.o [1]
    .bss               zero     0x1fff5f70   0x31f8  dma.o [1]
    .bss               zero     0x1fff9168      0x4  keyboard.o [1]
    .bss               zero     0x1fff916c     0x20  pid.o [1]
    .bss               zero     0x1fff918c     0x20  pid.o [1]
    .bss               zero     0x1fff91ac     0x20  pid.o [1]
    .bss               zero     0x1fff91cc    0x1f4  schedule.o [1]
    .bss               zero     0x1fff93c0    0x1f4  schedule.o [1]
    .bss               zero     0x1fff95b4      0x4  schedule.o [1]
    .bss               zero     0x1fff95b8      0x4  schedule.o [1]
    .bss               zero     0x1fff95bc    0x1dc  schedule.o [1]
    .bss               zero     0x1fff9798    0x1dc  schedule.o [1]
    .bss               zero     0x1fff9974      0x4  schedule.o [1]
    .bss               zero     0x1fff9978      0x4  schedule.o [1]
    .bss               zero     0x1fff997c      0x4  schedule.o [1]
    .bss               zero     0x1fff9980      0x4  schedule.o [1]
    .bss               zero     0x1fff9984      0x4  schedule.o [1]
    .bss               zero     0x1fff9988      0x4  schedule.o [1]
    .bss               zero     0x1fff998c      0xc  schedule.o [1]
    .bss               zero     0x1fff9998     0x80  schedule.o [1]
    .bss               zero     0x1fff9a18      0x4  schedule.o [1]
    .bss               zero     0x1fff9a1c      0x4  schedule.o [1]
    .bss               zero     0x1fff9a20      0x4  schedule.o [1]
    .bss               zero     0x1fff9a24      0x4  schedule.o [1]
    .bss               zero     0x1fff9a28      0x4  schedule.o [1]
    .bss               zero     0x1fff9a2c     0xc0  search.o [1]
    .bss               zero     0x1fff9aec     0x60  search.o [1]
    .bss               zero     0x1fff9b4c      0x4  search.o [1]
    .bss               zero     0x1fff9b50      0x4  search.o [1]
    .bss               zero     0x1fff9b54      0x4  search.o [1]
    .bss               zero     0x1fff9b58      0x4  search.o [1]
    .bss               zero     0x1fff9b5c      0x4  search.o [1]
    .bss               zero     0x1fff9b60      0x4  search.o [1]
    .bss               zero     0x1fff9b64      0x4  search.o [1]
    .bss               zero     0x1fff9b68      0x4  search.o [1]
    .bss               zero     0x1fff9b6c      0x4  search.o [1]
    .bss               zero     0x1fff9b70      0x4  search.o [1]
    .bss               zero     0x1fff9b74      0x4  search.o [1]
    .bss               zero     0x1fff9b78      0x4  search.o [1]
    .bss               zero     0x1fff9b7c      0x4  search.o [1]
    .bss               zero     0x1fff9b80      0x4  search.o [1]
    .bss               zero     0x1fff9b84      0x4  search.o [1]
    .bss               zero     0x1fff9b88      0x4  search.o [1]
    .bss               zero     0x1fff9b8c      0x4  search.o [1]
    .bss               zero     0x1fff9b90      0x4  search.o [1]
    .bss               zero     0x1fff9b94      0x4  search.o [1]
    .bss               zero     0x1fff9b98      0x4  search.o [1]
    .bss               zero     0x1fff9b9c      0x4  search.o [1]
    .bss               zero     0x1fff9ba0      0x4  search.o [1]
    .bss               zero     0x1fff9ba4      0x4  search.o [1]
    .bss               zero     0x1fff9ba8      0x4  search.o [1]
    .bss               zero     0x1fff9bac      0x4  search.o [1]
    .bss               zero     0x1fff9bb0    0x208  search.o [1]
    .bss               zero     0x1fff9db8    0x208  search.o [1]
    .bss               zero     0x1fff9fc0    0x208  search.o [1]
    .bss               zero     0x1fffa1c8    0x208  search.o [1]
    .bss               zero     0x1fffa3d0     0x84  search.o [1]
    .bss               zero     0x1fffa454     0x84  search.o [1]
    .bss               zero     0x1fffa4d8    0x1dc  search.o [1]
    .bss               zero     0x1fffa6b4    0x1dc  search.o [1]
    .bss               zero     0x1fffa890     0x60  search.o [1]
    .bss               zero     0x1fffa8f0      0xc  search.o [1]
    .bss               zero     0x1fffa8fc      0xc  search.o [1]
    .bss               zero     0x1fffa908      0x8  search.o [1]
    .bss               zero     0x1fffa910      0x8  search.o [1]
    .bss               zero     0x1fffa918      0x4  search.o [1]
    .bss               zero     0x1fffa91c      0x4  search.o [1]
    .bss               zero     0x1fffa920      0x4  search.o [1]
    .bss               zero     0x1fffa924      0x4  search.o [1]
    .bss               zero     0x1fffa928      0x4  search.o [1]
    .bss               zero     0x1fffa92c      0x4  search.o [1]
    .bss               zero     0x1fffa930      0x4  search.o [1]
    .bss               zero     0x1fffa934      0x4  search.o [1]
    .bss               zero     0x1fffa938      0x4  search.o [1]
    .bss               zero     0x1fffa93c      0x4  search.o [1]
    .bss               zero     0x1fffa940      0x4  search.o [1]
    .bss               zero     0x1fffa944      0x4  search.o [1]
    .bss               zero     0x1fffa948      0x4  search.o [1]
    .bss               zero     0x1fffa94c      0x4  search.o [1]
    .bss               zero     0x1fffa950      0x4  search.o [1]
    .bss               zero     0x1fffa954      0x4  search.o [1]
    .bss               zero     0x1fffa958      0x4  search.o [1]
    .bss               zero     0x1fffa95c      0x4  search.o [1]
    .bss               zero     0x1fffa960    0x208  search.o [1]
    .bss               zero     0x1fffab68     0x5c  search.o [1]
    .bss               zero     0x1fffabc4      0x4  spi.o [1]
    .bss               zero     0x1fffabc8      0x4  vectors.o [1]
    .bss               zero     0x1fffabcc      0x4  vectors.o [1]
    .bss               zero     0x1fffabd0      0x2  calcenter.o [1]
    .bss               zero     0x1fffabd2      0x2  calcenter.o [1]
    .bss               zero     0x1fffabd4      0x2  schedule.o [1]
    .bss               zero     0x1fffabd6      0x2  schedule.o [1]
    .bss               zero     0x1fffabd8      0x2  schedule.o [1]
    .bss               zero     0x1fffabda      0x2  schedule.o [1]
    .bss               zero     0x1fffabdc      0x2  schedule.o [1]
    .bss               zero     0x1fffabde      0x2  schedule.o [1]
    .bss               zero     0x1fffabe0      0x2  schedule.o [1]
    .bss               zero     0x1fffabe2      0x2  schedule.o [1]
    .bss               zero     0x1fffabe4      0x2  schedule.o [1]
    .bss               zero     0x1fffabe6      0x2  schedule.o [1]
    .bss               zero     0x1fffabe8      0x2  schedule.o [1]
    .bss               zero     0x1fffabea      0x2  schedule.o [1]
    .bss               zero     0x1fffabec      0x2  schedule.o [1]
    .bss               zero     0x1fffabee      0x2  schedule.o [1]
    .bss               zero     0x1fffabf0      0x2  schedule.o [1]
    .bss               zero     0x1fffabf2      0x2  schedule.o [1]
    .bss               zero     0x1fffabf4      0x2  schedule.o [1]
    .bss               zero     0x1fffabf6      0x2  schedule.o [1]
    .bss               zero     0x1fffabf8      0x2  schedule.o [1]
    .bss               zero     0x1fffabfa      0x2  schedule.o [1]
    .bss               zero     0x1fffabfc      0x2  schedule.o [1]
    .bss               zero     0x1fffabfe      0x2  schedule.o [1]
    .bss               zero     0x1fffac00      0x2  schedule.o [1]
    .bss               zero     0x1fffac02      0x2  schedule.o [1]
    .bss               zero     0x1fffac04      0x2  schedule.o [1]
    .bss               zero     0x1fffac06      0x2  schedule.o [1]
    .bss               zero     0x1fffac08      0x2  schedule.o [1]
    .bss               zero     0x1fffac0a      0x2  schedule.o [1]
    .bss               zero     0x1fffac0c      0x2  schedule.o [1]
    .bss               zero     0x1fffac0e      0x2  schedule.o [1]
    .bss               zero     0x1fffac10      0x2  schedule.o [1]
    .bss               zero     0x1fffac12      0x2  schedule.o [1]
    .bss               zero     0x1fffac14      0x2  search.o [1]
    .bss               zero     0x1fffac16      0x2  search.o [1]
    .bss               zero     0x1fffac18      0x2  search.o [1]
    .bss               zero     0x1fffac1a      0x2  search.o [1]
    .bss               zero     0x1fffac1c      0x2  search.o [1]
    .bss               zero     0x1fffac1e      0x2  search.o [1]
    .bss               zero     0x1fffac20      0x2  search.o [1]
    .bss               zero     0x1fffac22      0x2  search.o [1]
    .bss               zero     0x1fffac24      0x2  search.o [1]
    .bss               zero     0x1fffac26      0x2  search.o [1]
    .bss               zero     0x1fffac28      0x2  search.o [1]
    .bss               zero     0x1fffac2a      0x2  search.o [1]
    .bss               zero     0x1fffac2c      0x2  search.o [1]
    .bss               zero     0x1fffac2e      0x2  search.o [1]
    .bss               zero     0x1fffac30      0x2  search.o [1]
    .bss               zero     0x1fffac32      0x2  search.o [1]
    .bss               zero     0x1fffac34      0x2  search.o [1]
    .bss               zero     0x1fffac36      0x2  search.o [1]
    .bss               zero     0x1fffac38      0x2  search.o [1]
    .bss               zero     0x1fffac3a      0x2  search.o [1]
    .bss               zero     0x1fffac3c      0x2  search.o [1]
    .bss               zero     0x1fffac3e      0x2  search.o [1]
    .bss               zero     0x1fffac40      0x2  search.o [1]
    .bss               zero     0x1fffac42      0x2  search.o [1]
    .bss               zero     0x1fffac44      0x2  search.o [1]
    .bss               zero     0x1fffac46      0x2  search.o [1]
    .bss               zero     0x1fffac48      0x2  search.o [1]
    .bss               zero     0x1fffac4a      0x2  search.o [1]
    .bss               zero     0x1fffac4c      0x2  search.o [1]
    .bss               zero     0x1fffac4e      0x2  search.o [1]
    .bss               zero     0x1fffac50      0x2  search.o [1]
    .bss               zero     0x1fffac52      0x2  search.o [1]
    .bss               zero     0x1fffac54      0x2  search.o [1]
    .bss               zero     0x1fffac56      0x2  search.o [1]
    .bss               zero     0x1fffac58      0x2  search.o [1]
    .bss               zero     0x1fffac5a      0x2  search.o [1]
    .bss               zero     0x1fffac5c      0x2  search.o [1]
    .bss               zero     0x1fffac5e      0x2  search.o [1]
    .bss               zero     0x1fffac60      0x2  search.o [1]
    .bss               zero     0x1fffac62      0x2  search.o [1]
    .bss               zero     0x1fffac64      0x2  search.o [1]
    .bss               zero     0x1fffac66      0x2  search.o [1]
    .bss               zero     0x1fffac68      0x2  search.o [1]
    .bss               zero     0x1fffac6a      0x2  search.o [1]
    .bss               zero     0x1fffac6c      0x2  search.o [1]
    .bss               zero     0x1fffac6e      0x2  search.o [1]
    .bss               zero     0x1fffac70      0x2  search.o [1]
    .bss               zero     0x1fffac72      0x2  search.o [1]
    .bss               zero     0x1fffac74      0x2  search.o [1]
    .bss               zero     0x1fffac76      0x2  search.o [1]
    .bss               zero     0x1fffac78      0x2  search.o [1]
    .bss               zero     0x1fffac7a      0x2  search.o [1]
    .bss               zero     0x1fffac7c      0x2  search.o [1]
    .bss               zero     0x1fffac7e      0x2  search.o [1]
    .bss               zero     0x1fffac80      0x2  search.o [1]
    .bss               zero     0x1fffac82      0x2  search.o [1]
    .bss               zero     0x1fffac84      0x2  search.o [1]
    .bss               zero     0x1fffac86      0x2  search.o [1]
    .bss               zero     0x1fffac88      0x2  search.o [1]
    .bss               zero     0x1fffac8a      0x2  search.o [1]
    .bss               zero     0x1fffac8c      0x2  search.o [1]
    .bss               zero     0x1fffac8e      0x2  search.o [1]
    .bss               zero     0x1fffac90      0x2  search.o [1]
    .bss               zero     0x1fffac92      0x2  search.o [1]
    .bss               zero     0x1fffac94      0x2  search.o [1]
    .bss               zero     0x1fffac96      0x2  search.o [1]
    .bss               zero     0x1fffac98      0x2  search.o [1]
    .bss               zero     0x1fffac9a      0x2  search.o [1]
    .bss               zero     0x1fffac9c      0x2  search.o [1]
    .bss               zero     0x1fffac9e      0x2  search.o [1]
    .bss               zero     0x1fffaca0      0x2  search.o [1]
    .bss               zero     0x1fffaca2      0x2  search.o [1]
    .bss               zero     0x1fffaca4      0x2  search.o [1]
    .bss               zero     0x1fffaca6      0x2  search.o [1]
    .bss               zero     0x1fffaca8      0x2  search.o [1]
    .bss               zero     0x1fffacaa      0x2  search.o [1]
    .bss               zero     0x1fffacac      0x2  search.o [1]
    .bss               zero     0x1fffacae      0x1  dma.o [1]
    .bss               zero     0x1fffacaf      0x1  dma.o [1]
    .bss               zero     0x1fffacb0      0x1  dma.o [1]
    .bss               zero     0x1fffacb1      0x1  dma.o [1]
    .bss               zero     0x1fffacb2      0x1  dma.o [1]
    .bss               zero     0x1fffacb3      0x1  dma.o [1]
    .bss               zero     0x1fffacb4      0x1  i2c.o [1]
    .bss               zero     0x1fffacb5      0x1  schedule.o [1]
    .bss               zero     0x1fffacb6      0x1  schedule.o [1]
    .bss               zero     0x1fffacb7      0x1  schedule.o [1]
    .bss               zero     0x1fffacb8      0x1  schedule.o [1]
    .bss               zero     0x1fffacb9      0x1  schedule.o [1]
    .bss               zero     0x1fffacba      0x1  schedule.o [1]
    .bss               zero     0x1fffacbb      0x1  schedule.o [1]
    .bss               zero     0x1fffacbc      0x1  schedule.o [1]
    .bss               zero     0x1fffacbd      0x1  schedule.o [1]
    .bss               zero     0x1fffacbe      0x1  schedule.o [1]
    .bss               zero     0x1fffacbf      0x1  schedule.o [1]
    .bss               zero     0x1fffacc0      0x1  schedule.o [1]
    .bss               zero     0x1fffacc1      0x1  schedule.o [1]
    .bss               zero     0x1fffacc2      0x1  schedule.o [1]
    .bss               zero     0x1fffacc3      0x1  schedule.o [1]
    .bss               zero     0x1fffacc4      0x1  schedule.o [1]
    .bss               zero     0x1fffacc5      0x1  schedule.o [1]
    .bss               zero     0x1fffacc6      0x1  schedule.o [1]
    .bss               zero     0x1fffacc7      0x1  search.o [1]
    .bss               zero     0x1fffacc8      0x1  search.o [1]
    .bss               zero     0x1fffacc9      0x1  search.o [1]
    .bss               zero     0x1fffacca      0x1  search.o [1]
    .bss               zero     0x1fffaccb      0x1  search.o [1]
    .bss               zero     0x1fffaccc      0x1  search.o [1]
    .bss               zero     0x1fffaccd      0x1  search.o [1]
    .bss               zero     0x1fffacce      0x1  search.o [1]
    .bss               zero     0x1fffaccf      0x1  search.o [1]
    .bss               zero     0x1fffacd0      0x1  search.o [1]
    .bss               zero     0x1fffacd1      0x1  search.o [1]
    .bss               zero     0x1fffacd2      0x1  search.o [1]
    .bss               zero     0x1fffacd3      0x1  search.o [1]
    .bss               zero     0x1fffacd4      0x1  search.o [1]
    .bss               zero     0x1fffacd5      0x1  search.o [1]
    .bss               zero     0x1fffacd6      0x1  search.o [1]
    .bss               zero     0x1fffacd7      0x1  search.o [1]
    .bss               zero     0x1fffacd8      0x1  search.o [1]
    .bss               zero     0x1fffacd9      0x1  search.o [1]
    .bss               zero     0x1fffacda      0x1  search.o [1]
    .bss               zero     0x1fffacdb      0x1  search.o [1]
    .bss               zero     0x1fffacdc      0x1  search.o [1]
    .bss               zero     0x1fffacdd      0x1  search.o [1]
    .bss               zero     0x1fffacde      0x1  search.o [1]
    .bss               zero     0x1fffacdf      0x1  search.o [1]
    .bss               zero     0x1ffface0      0x1  search.o [1]
    .bss               zero     0x1ffface1      0x1  search.o [1]
    .bss               zero     0x1ffface2      0x1  search.o [1]
    .bss               zero     0x1ffface3      0x1  search.o [1]
    .bss               zero     0x1ffface4      0x1  search.o [1]
    .bss               zero     0x1ffface5      0x1  search.o [1]
    .bss               zero     0x1ffface6      0x1  search.o [1]
    .bss               zero     0x1ffface7      0x1  search.o [1]
    .bss               zero     0x1ffface8      0x1  search.o [1]
    .bss               zero     0x1ffface9      0x1  search.o [1]
    .bss               zero     0x1fffacea      0x1  search.o [1]
    .bss               zero     0x1fffaceb      0x1  search.o [1]
    .bss               zero     0x1fffacec      0x1  search.o [1]
    .bss               zero     0x1fffaced      0x1  search.o [1]
    .bss               zero     0x1fffacee      0x1  search.o [1]
    .bss               zero     0x1fffacef      0x1  search.o [1]
    .bss               zero     0x1fffacf0      0x1  search.o [1]
    .bss               zero     0x1fffacf1      0x1  search.o [1]
    .bss               zero     0x1fffacf2      0x1  search.o [1]
    .bss               zero     0x1fffacf3      0x1  search.o [1]
    .bss               zero     0x1fffacf4      0x1  search.o [1]
    .bss               zero     0x1fffacf5      0x1  search.o [1]
    .bss               zero     0x1fffacf6      0x1  search.o [1]
    .bss               zero     0x1fffacf7      0x1  search.o [1]
    .bss               zero     0x1fffacf8      0x1  search.o [1]
    .bss               zero     0x1fffacf9      0x1  search.o [1]
    .bss               zero     0x1fffacfa      0x1  search.o [1]
    .bss               zero     0x1fffacfb      0x1  search.o [1]
    .bss               zero     0x1fffacfc      0x1  search.o [1]
    .bss               zero     0x1fffacfd      0x1  search.o [1]
    .bss               zero     0x1fffacfe      0x1  search.o [1]
    .bss               zero     0x1fffacff      0x1  search.o [1]
    .bss               zero     0x1fffad00      0x1  search.o [1]
    .bss               zero     0x1fffad01      0x1  search.o [1]
    .bss               zero     0x1fffad02      0x1  search.o [1]
    .bss               zero     0x1fffad03      0x1  search.o [1]
    .bss               zero     0x1fffad04      0x1  search.o [1]
    .bss               zero     0x1fffad05      0x1  search.o [1]
    .bss               zero     0x1fffad06      0x1  search.o [1]
    .bss               zero     0x1fffad07      0x1  search.o [1]
    .bss               zero     0x1fffad08      0x1  search.o [1]
    .bss               zero     0x1fffad09      0x1  search.o [1]
    .bss               zero     0x1fffad0a      0x1  search.o [1]
    .bss               zero     0x1fffad0b      0x1  search.o [1]
    .bss               zero     0x1fffad0c      0x1  search.o [1]
    .bss               zero     0x1fffad0d      0x1  search.o [1]
    .bss               zero     0x1fffad0e      0x1  search.o [1]
    .bss               zero     0x1fffad0f      0x1  search.o [1]
    .bss               zero     0x1fffad10      0x1  search.o [1]
    .bss               zero     0x1fffad11      0x1  search.o [1]
    .bss               zero     0x1fffad12      0x1  search.o [1]
    .bss               zero     0x1fffad13      0x1  search.o [1]
    .bss               zero     0x1fffad14      0x1  search.o [1]
    .bss               zero     0x1fffad15      0x1  search.o [1]
    .bss               zero     0x1fffad16      0x1  search.o [1]
    .bss               zero     0x1fffad17      0x1  search.o [1]
    .bss               zero     0x1fffad18      0x1  search.o [1]
    .bss               zero     0x1fffad19      0x1  search.o [1]
    .bss               zero     0x1fffad1a      0x1  search.o [1]
    .bss               zero     0x1fffad1b      0x1  search.o [1]
    .bss               zero     0x1fffad1c      0x1  search.o [1]
    .bss               zero     0x1fffad1d      0x1  search.o [1]
    .bss               zero     0x1fffad1e      0x1  search.o [1]
    .bss               zero     0x1fffad1f      0x1  search.o [1]
    .bss               zero     0x1fffad20      0x1  search.o [1]
    .bss               zero     0x1fffad21      0x1  search.o [1]
    .bss               zero     0x1fffad22      0x1  search.o [1]
    .bss               zero     0x1fffad23      0x1  search.o [1]
    .bss               zero     0x1fffad24      0x1  search.o [1]
    .bss               zero     0x1fffad25      0x1  search.o [1]
    .bss               zero     0x1fffad26      0x1  search.o [1]
    .bss               zero     0x1fffad27      0x1  search.o [1]
    .bss               zero     0x1fffad28      0x1  search.o [1]
    .bss               zero     0x1fffad29      0x1  search.o [1]
    .bss               zero     0x1fffad2a      0x1  search.o [1]
    .bss               zero     0x1fffad2b      0x1  search.o [1]
    .bss               zero     0x1fffad2c      0x1  search.o [1]
    .bss               zero     0x1fffad2d      0x1  search.o [1]
    .bss               zero     0x1fffad2e      0x1  search.o [1]
    .bss               zero     0x1fffad2f      0x1  search.o [1]
    .bss               zero     0x1fffad30      0x1  search.o [1]
    .bss               zero     0x1fffad31      0x1  search.o [1]
    .bss               zero     0x1fffad32      0x1  search.o [1]
    .bss               zero     0x1fffad33      0x1  search.o [1]
    .bss               zero     0x1fffad34      0x1  search.o [1]
    .bss               zero     0x1fffad35      0x1  search.o [1]
    .bss               zero     0x1fffad36      0x1  search.o [1]
    .bss               zero     0x1fffad37      0x1  search.o [1]
    .bss               zero     0x1fffad38      0x1  search.o [1]
    .bss               zero     0x1fffad39      0x1  search.o [1]
    .bss               zero     0x1fffad3a      0x1  search.o [1]
    .bss               zero     0x1fffad3b      0x1  search.o [1]
    .bss               zero     0x1fffad3c      0x1  search.o [1]
    .bss               zero     0x1fffad3d      0x1  search.o [1]
    .bss               zero     0x1fffad3e      0x1  search.o [1]
    .bss               zero     0x1fffad3f      0x1  search.o [1]
    .bss               zero     0x1fffad40      0x1  search.o [1]
    .bss               zero     0x1fffad41      0x1  search.o [1]
    .bss               zero     0x1fffad42      0x1  search.o [1]
    .bss               zero     0x1fffad43      0x1  search.o [1]
    .bss               zero     0x1fffad44      0x1  search.o [1]
    .bss               zero     0x1fffad45      0x1  search.o [1]
    .bss               zero     0x1fffad46      0x1  search.o [1]
    .bss               zero     0x1fffad47      0x1  search.o [1]
    .bss               zero     0x1fffad48      0x1  search.o [1]
    .bss               zero     0x1fffad49      0x1  search.o [1]
    .bss               zero     0x1fffad4a      0x1  search.o [1]
    .bss               zero     0x1fffad4b      0x1  search.o [1]
    .bss               zero     0x1fffad4c      0x1  search.o [1]
    .bss               zero     0x1fffad4d      0x1  search.o [1]
    .bss               zero     0x1fffad4e      0x1  search.o [1]
    .bss               zero     0x1fffad4f      0x1  search.o [1]
    .bss               zero     0x1fffad50      0x1  search.o [1]
    .bss               zero     0x1fffad51      0x1  search.o [1]
    .bss               zero     0x1fffad52      0x1  search.o [1]
    .bss               zero     0x1fffad53      0x1  search.o [1]
    .bss               zero     0x1fffad54      0x1  search.o [1]
    .bss               zero     0x1fffad55      0x1  search.o [1]
    .bss               zero     0x1fffad56      0x1  search.o [1]
    .bss               zero     0x1fffad57      0x1  search.o [1]
    .bss               zero     0x1fffad58      0x1  search.o [1]
    .bss               zero     0x1fffad59      0x1  search.o [1]
    .bss               zero     0x1fffad5a      0x1  search.o [1]
    .bss               zero     0x1fffad5b      0x1  search.o [1]
    .bss               zero     0x1fffad5c      0x1  search.o [1]
    .bss               zero     0x1fffad5d      0x1  search.o [1]
    .bss               zero     0x1fffad5e      0x1  search.o [1]
    .bss               zero     0x1fffad5f      0x1  search.o [1]
    .bss               zero     0x1fffad60      0x1  search.o [1]
    .bss               zero     0x1fffad61      0x1  search.o [1]
    .bss               zero     0x1fffad62      0x1  search.o [1]
    .bss               zero     0x1fffad63      0x1  search.o [1]
    .bss               zero     0x1fffad64      0x1  search.o [1]
    .bss               zero     0x1fffad65      0x1  search.o [1]
    .bss               zero     0x1fffad66      0x1  search.o [1]
    .bss               zero     0x1fffad67      0x1  search.o [1]
    .bss               zero     0x1fffad68      0x1  search.o [1]
    .bss               zero     0x1fffad69      0x1  search.o [1]
    .bss               zero     0x1fffad6a      0x1  search.o [1]
    .bss               zero     0x1fffad6b      0x1  search.o [1]
    .bss               zero     0x1fffad6c      0x1  search.o [1]
    .bss               zero     0x1fffad6d      0x1  search.o [1]
    .bss               zero     0x1fffad6e      0x1  search.o [1]
    .bss               zero     0x1fffad6f      0x1  search.o [1]
    .bss               zero     0x1fffad70      0x1  search.o [1]
    .bss               zero     0x1fffad71      0x1  search.o [1]
    .bss               zero     0x1fffad72      0x1  search.o [1]
    .bss               zero     0x1fffad73      0x1  search.o [1]
    .bss               zero     0x1fffad74      0x1  search.o [1]
    .bss               zero     0x1fffad75      0x1  search.o [1]
    .bss               zero     0x1fffad76      0x1  search.o [1]
    .bss               zero     0x1fffad77      0x1  search.o [1]
    .bss               zero     0x1fffad78      0x1  search.o [1]
    .bss               zero     0x1fffad79      0x1  search.o [1]
    .bss               zero     0x1fffad7a      0x1  search.o [1]
    .bss               zero     0x1fffad7b      0x1  search.o [1]
    .bss               zero     0x1fffad7c      0x1  search.o [1]
    .bss               zero     0x1fffad7d      0x1  search.o [1]
    .bss               zero     0x1fffad7e      0x1  search.o [1]
    .bss               zero     0x1fffad7f      0x1  search.o [1]
    .bss               zero     0x1fffad80      0x1  search.o [1]
    .bss               zero     0x1fffad81      0x1  search.o [1]
    .bss               zero     0x1fffad82      0x1  search.o [1]
    .bss               zero     0x1fffad83      0x1  search.o [1]
    .bss               zero     0x1fffad84      0x1  search.o [1]
    .bss               zero     0x1fffad85      0x1  search.o [1]
    .bss               zero     0x1fffad86      0x1  search.o [1]
    .bss               zero     0x1fffad87      0x1  search.o [1]
    .bss               zero     0x1fffad88      0x1  search.o [1]
    .bss               zero     0x1fffad89      0x1  search.o [1]
    .bss               zero     0x1fffad8a      0x1  search.o [1]
    .bss               zero     0x1fffad8b      0x1  search.o [1]
    .bss               zero     0x1fffad8c      0x1  search.o [1]
    .bss               zero     0x1fffad8d      0x1  search.o [1]
    .bss               zero     0x1fffad8e      0x1  search.o [1]
    .bss               zero     0x1fffad8f      0x1  search.o [1]
    .bss               zero     0x1fffad90      0x1  search.o [1]
    .bss               zero     0x1fffad91      0x1  search.o [1]
    .bss               zero     0x1fffad92      0x1  search.o [1]
    .bss               zero     0x1fffad93      0x1  search.o [1]
    .bss               zero     0x1fffad94      0x1  search.o [1]
    .bss               zero     0x1fffad95      0x1  search.o [1]
    .bss               zero     0x1fffad96      0x1  search.o [1]
    .bss               zero     0x1fffad97      0x1  search.o [1]
    .bss               zero     0x1fffad98      0x1  search.o [1]
    .bss               zero     0x1fffad99      0x1  search.o [1]
    .bss               zero     0x1fffad9a      0x1  search.o [1]
    .bss               zero     0x1fffad9b      0x1  search.o [1]
    .bss               zero     0x1fffad9c      0x1  search.o [1]
    .bss               zero     0x1fffad9d      0x1  search.o [1]
    .bss               zero     0x1fffad9e      0x1  search.o [1]
    .bss               zero     0x1fffad9f      0x1  search.o [1]
    .bss               zero     0x1fffada0      0x1  search.o [1]
    .bss               zero     0x1fffada1      0x1  search.o [1]
    .bss               zero     0x1fffada2      0x1  search.o [1]
    .bss               zero     0x1fffada3      0x1  search.o [1]
    .bss               zero     0x1fffada4      0x1  search.o [1]
    .bss               zero     0x1fffada5      0x1  search.o [1]
    .bss               zero     0x1fffada6      0x1  search.o [1]
    .bss               zero     0x1fffada7      0x1  search.o [1]
    .bss               zero     0x1fffada8      0x1  search.o [1]
    .bss               zero     0x1fffada9      0x1  search.o [1]
    .bss               zero     0x1fffadaa      0x1  search.o [1]
    .bss               zero     0x1fffadab      0x1  search.o [1]
    .bss               zero     0x1fffadac      0x1  search.o [1]
    .bss               zero     0x1fffadad      0x1  search.o [1]
    .bss               zero     0x1fffadae      0x1  search.o [1]
    .bss               zero     0x1fffadaf      0x1  search.o [1]
    .bss               zero     0x1fffadb0      0x1  search.o [1]
    .bss               zero     0x1fffadb1      0x1  search.o [1]
    .bss               zero     0x1fffadb2      0x1  search.o [1]
    .bss               zero     0x1fffadb3      0x1  search.o [1]
    .bss               zero     0x1fffadb4      0x1  search.o [1]
    .bss               zero     0x1fffadb5      0x1  search.o [1]
    .bss               zero     0x1fffadb6      0x1  search.o [1]
    .bss               zero     0x1fffadb7      0x1  search.o [1]
    .bss               zero     0x1fffadb8      0x1  search.o [1]
    .bss               zero     0x1fffadb9      0x1  search.o [1]
    .bss               zero     0x1fffadba      0x1  search.o [1]
    .bss               zero     0x1fffadbb      0x1  search.o [1]
    .bss               zero     0x1fffadbc      0x1  search.o [1]
    .bss               zero     0x1fffadbd      0x1  search.o [1]
                              - 0x1fffadbe   0xadbe


*******************************************************************************
*** INIT TABLE
***

          Address     Size
          -------     ----
Zero (__iar_zero_init3)
    1 destination range, total size 0xad96:
          0x1fff0028  0xad96

Copy (__iar_copy_init3)
    1 source range, total size 0x28 (108% of destination):
          0x00078808    0x28
    1 destination range, total size 0x25:
          0x1fff0000    0x25



*******************************************************************************
*** MODULE SUMMARY
***

    Module            ro code  ro data  rw data
    ------            -------  -------  -------
E:\smartcar\程序\k66数字\数字摄像头20160427\output\FLASH\Obj: [1]
    adc.o                 272
    calcenter.o        21 808             1 004
    clkinit.o             116                16
    const.o                    404 048
    control.o              32
    core.o                 12
    crt0.o                 60
    dma.o                 800            36 174
    gpio.o                328
    i2c.o               1 440                 1
    interrupt.o           616
    keyboard.o         11 554                 4
    main.o                 36
    math.o                492    1 204
    mcg.o                 440
    pid.o                 380                96
    pulse_counter.o       208
    pwm.o                 564
    sccb.o              1 252    1 288
    schedule.o          3 600       38    2 240
    search.o           40 344       23    4 928
    spi.o                 248                 4
    start.o               176
    systeminit.o          140
    timer.o               132
    uart.o                464
    vectors.o              32    1 040        8
    wdog.o                 52
    -------------------------------------------
    Total:             85 598  407 641   44 475

command line: [2]
    -------------------------------------------
    Total:

dl7M_tln.a: [3]
    exit.o                  4
    low_level_init.o        4
    -------------------------------------------
    Total:                  8

m7M_tlv.a: [4]
    fpinit_M.o             26
    -------------------------------------------
    Total:                 26

rt7M_tl.a: [5]
    I64DivMod.o           306
    I64DivZer.o             2
    cexit.o                10
    cmain.o                26
    copy_init3.o           46
    cstartup_M.o           12
    data_init.o            40
    zero_init3.o           34
    -------------------------------------------
    Total:                476

shb_l.a: [6]
    exit.o                 20
    -------------------------------------------
    Total:                 20

    Gaps                    8
    Linker created                  39
-----------------------------------------------
    Grand Total:       86 136  407 680   44 475


*******************************************************************************
*** ENTRY LIST
***

Entry                      Address     Size  Type      Object
-----                      -------     ----  ----      ------
.bss$$Base              0x1fff0028            --   Gb  - Linker created -
.bss$$Limit             0x1fffadbe            --   Gb  - Linker created -
.data$$Base             0x1fff0000            --   Gb  - Linker created -
.data$$Limit            0x1fff0028            --   Gb  - Linker created -
.data_init$$Base        0x00078808            --   Gb  - Linker created -
.data_init$$Limit       0x00078830            --   Gb  - Linker created -
?main                   0x00078891           Code  Gb  cmain.o [5]
A11                     0x1fffad57      0x1  Data  Gb  search.o [1]
A12                     0x1fffad58      0x1  Data  Gb  search.o [1]
A21                     0x1fffad55      0x1  Data  Gb  search.o [1]
A22                     0x1fffad56      0x1  Data  Gb  search.o [1]
A31                     0x1fffad53      0x1  Data  Gb  search.o [1]
A32                     0x1fffad54      0x1  Data  Gb  search.o [1]
AA                      0x1fffada7      0x1  Data  Gb  search.o [1]
ADC_Init                0x00075811     0x1a  Code  Gb  adc.o [1]
ADC_Once                0x0007582b     0x60  Code  Gb  adc.o [1]
ATAN_CONST              0x00077bc8    0x258  Data  Gb  math.o [1]
All_SP_Caculate         0x0006c2cd    0x474  Code  Gb  search.o [1]
BB                      0x1fffada8      0x1  Data  Gb  search.o [1]
Bridge_judge            0x00071fbf     0x68  Code  Gb  calcenter.o [1]
Bridge_judge_pre        0x000718ed    0x6d2  Code  Gb  calcenter.o [1]
C_DirC                  0x1fff001c      0x2  Data  Gb  search.o [1]
Cal_Point_Area          0x0006c78d    0x32c  Code  Gb  search.o [1]
Center_addbottom        0x000720cd    0x154  Code  Gb  calcenter.o [1]
Center_compute          0x0006df95   0x394e  Code  Gb  calcenter.o [1]
Center_move             0x0006cd1d    0x9d2  Code  Gb  calcenter.o [1]
Choise                  0x00072673    0x2c6  Code  Gb  keyboard.o [1]
CodeRelocate$$Base      0x00000000            --   Gb  - Linker created -
CodeRelocate$$Limit     0x00000000            --   Gb  - Linker created -
CodeRelocateRam$$Base   0x00000000            --   Gb  - Linker created -
Control                 0x0006aebd    0x6b8  Code  Gb  search.o [1]
DMA_CH0_isr             0x000773e5     0x1a  Code  Gb  dma.o [1]
DMA_Init                0x000775df     0x7e  Code  Gb  dma.o [1]
Distribute              0x0006d6ef    0x234  Code  Gb  calcenter.o [1]
Distribute2             0x0006d923    0x232  Code  Gb  calcenter.o [1]
Edge                    0x0006b7fd    0xa82  Code  Gb  search.o [1]
Ending                  0x0006db5d    0x42a  Code  Gb  calcenter.o [1]
Get_AD_Channel          0x0007589d     0x84  Code  Gb  adc.o [1]
L1                      0x1fffad68      0x1  Data  Gb  search.o [1]
L2                      0x1fffad69      0x1  Data  Gb  search.o [1]
L3                      0x1fffad6a      0x1  Data  Gb  search.o [1]
L_outflag               0x1fffadb0      0x1  Data  Gb  search.o [1]
MT9V022_reg             0x000769f8    0x508  Data  Gb  sccb.o [1]
MaxPoint                0x1fffaca0      0x2  Data  Gb  search.o [1]
MinPoint                0x1fffac9e      0x2  Data  Gb  search.o [1]
ModifyLine              0x0006b5b1    0x1aa  Code  Gb  search.o [1]
MoreBackMotPWM          0x1fffabea      0x2  Data  Gb  schedule.o [1]
MoreStopTim_Cnt         0x1fffabec      0x2  Data  Gb  schedule.o [1]
MoreStopTime            0x1fffabe8      0x2  Data  Gb  schedule.o [1]
PWM                     0x1fffabfe      0x2  Data  Gb  schedule.o [1]
PWM_Servo               0x1fffac02      0x2  Data  Gb  schedule.o [1]
P_AfterLNo_RightRA      0x1fffacfe      0x1  Data  Gb  search.o [1]
P_AfterRNo_LeftRA       0x1fffacfb      0x1  Data  Gb  search.o [1]
P_BDEnd                 0x1fffad8c      0x1  Data  Gb  search.o [1]
P_BDStart               0x1fffad8b      0x1  Data  Gb  search.o [1]
P_BarSt_LNo             0x1fffaced      0x1  Data  Gb  search.o [1]
P_BarSt_RNo             0x1fffacee      0x1  Data  Gb  search.o [1]
P_BeforeLNo_LeftRA      0x1fffacf9      0x1  Data  Gb  search.o [1]
P_BeforeLNo_RightRA     0x1fffacfc      0x1  Data  Gb  search.o [1]
P_BeforeRNo_LeftRA      0x1fffacfa      0x1  Data  Gb  search.o [1]
P_BeforeRNo_RightRA     0x1fffacfd      0x1  Data  Gb  search.o [1]
P_BlackBarFlag          0x1ffface7      0x1  Data  Gb  search.o [1]
P_BlackBarNum           0x1fffacf6      0x1  Data  Gb  search.o [1]
P_BottomValidLine       0x1fffadb3      0x1  Data  Gb  search.o [1]
P_BufferNum1            0x1fffad2d      0x1  Data  Gb  search.o [1]
P_BufferNum2            0x1fffad2e      0x1  Data  Gb  search.o [1]
P_Center                0x1fffad2b      0x1  Data  Gb  search.o [1]
P_CheckBarCnt           0x1fffacf4      0x1  Data  Gb  search.o [1]
P_Cnt                   0x1fffad92      0x1  Data  Gb  search.o [1]
P_ControlCenter         0x1fff9bb0    0x208  Data  Gb  search.o [1]
P_ControlCenterNum      0x1fffac50      0x2  Data  Gb  search.o [1]
P_Cov1                  0x1fffac58      0x2  Data  Gb  search.o [1]
P_Cov2                  0x1fffac5a      0x2  Data  Gb  search.o [1]
P_Cov3                  0x1fffac5c      0x2  Data  Gb  search.o [1]
P_CurveEnd              0x1fffada1      0x1  Data  Gb  search.o [1]
P_CurveJudge            0x1fffad9b      0x1  Data  Gb  search.o [1]
P_CurveLine             0x1fffad9f      0x1  Data  Gb  search.o [1]
P_CurveStart            0x1fffada0      0x1  Data  Gb  search.o [1]
P_DCnt                  0x1fffad86      0x1  Data  Gb  search.o [1]
P_DEnd1                 0x1fffad88      0x1  Data  Gb  search.o [1]
P_DEnd2                 0x1fffad8a      0x1  Data  Gb  search.o [1]
P_DFlag                 0x1fffad85      0x1  Data  Gb  search.o [1]
P_DLine                 0x1fffa918      0x4  Data  Gb  search.o [1]
P_DStart1               0x1fffad87      0x1  Data  Gb  search.o [1]
P_DStart2               0x1fffad89      0x1  Data  Gb  search.o [1]
P_DnCurveLine           0x1fffad9c      0x1  Data  Gb  search.o [1]
P_DownLock              0x1fffada2      0x1  Data  Gb  search.o [1]
P_End                   0x1fffa910      0x8  Data  Gb  search.o [1]
P_End1                  0x1fffad31      0x1  Data  Gb  search.o [1]
P_End2                  0x1fffad33      0x1  Data  Gb  search.o [1]
P_FFV                   0x1fffac5e      0x2  Data  Gb  search.o [1]
P_FarLine_temp_num      0x1fffac80      0x2  Data  Gb  search.o [1]
P_FarValidLine          0x1fffadb4      0x1  Data  Gb  search.o [1]
P_FinalLCLeftNum        0x1fffad81      0x1  Data  Gb  search.o [1]
P_FinalLCRightNum       0x1fffad82      0x1  Data  Gb  search.o [1]
P_FinalRCLeftNum        0x1fffad83      0x1  Data  Gb  search.o [1]
P_FinalRCRightNum       0x1fffad84      0x1  Data  Gb  search.o [1]
P_FlagL                 0x1fffad97      0x1  Data  Gb  search.o [1]
P_FlagR                 0x1fffad98      0x1  Data  Gb  search.o [1]
P_JCurveEnd             0x1fffad9e      0x1  Data  Gb  search.o [1]
P_JCurveStart           0x1fffad9d      0x1  Data  Gb  search.o [1]
P_LBEnd                 0x1fffacf0      0x1  Data  Gb  search.o [1]
P_LBStart               0x1fffacef      0x1  Data  Gb  search.o [1]
P_LBlock                0x1fffad6e      0x1  Data  Gb  search.o [1]
P_LCEnd                 0x1fffad63      0x1  Data  Gb  search.o [1]
P_LCLeftNum             0x1fffad64      0x1  Data  Gb  search.o [1]
P_LCLine                0x1fffad61      0x1  Data  Gb  search.o [1]
P_LCRightNum            0x1fffad65      0x1  Data  Gb  search.o [1]
P_LCStart               0x1fffad62      0x1  Data  Gb  search.o [1]
P_LCross                0x1fffad67      0x1  Data  Gb  search.o [1]
P_LCross_Status         0x1fffad6d      0x1  Data  Gb  search.o [1]
P_LCurveFlag            0x1fffad44      0x1  Data  Gb  search.o [1]
P_LDEnd                 0x1fffad95      0x1  Data  Gb  search.o [1]
P_LDStart               0x1fffad94      0x1  Data  Gb  search.o [1]
P_LFinalEnd             0x1fffad70      0x1  Data  Gb  search.o [1]
P_LFinalStart           0x1fffad6f      0x1  Data  Gb  search.o [1]
P_LHandleLine           0x1fffad1c      0x1  Data  Lc  search.o [1]
P_LLBEnd                0x1fffacf2      0x1  Data  Gb  search.o [1]
P_LLBStart              0x1fffacf1      0x1  Data  Gb  search.o [1]
P_LLLVEnd               0x1fffad43      0x1  Data  Gb  search.o [1]
P_LLLVStart             0x1fffad42      0x1  Data  Gb  search.o [1]
P_LLOTmpEn              0x1fffad10      0x1  Data  Gb  search.o [1]
P_LLOTmpEn1             0x1fffac36      0x2  Data  Gb  search.o [1]
P_LLOTmpEn2             0x1fffac42      0x2  Data  Gb  search.o [1]
P_LLOTmpSt              0x1fffad0f      0x1  Data  Gb  search.o [1]
P_LLOTmpSt1             0x1fffac34      0x2  Data  Gb  search.o [1]
P_LLOTmpSt2             0x1fffac40      0x2  Data  Gb  search.o [1]
P_LLVEnd                0x1fffad41      0x1  Data  Gb  search.o [1]
P_LLVStart              0x1fffad40      0x1  Data  Gb  search.o [1]
P_LLastLine             0x1fffad3f      0x1  Data  Gb  search.o [1]
P_LLastLine1            0x1fffad6c      0x1  Data  Gb  search.o [1]
P_LLastLine2            0x1fffad6b      0x1  Data  Gb  search.o [1]
P_LNewPointNum          0x1fffad1d      0x1  Data  Gb  search.o [1]
P_LNum                  0x1fffad99      0x1  Data  Gb  search.o [1]
P_LNum_AfterDownL       0x1fffacdd      0x1  Data  Gb  search.o [1]
P_LNum_AfterDownR       0x1fffacdf      0x1  Data  Gb  search.o [1]
P_LNum_BeforeDiverge    0x1ffface5      0x1  Data  Gb  search.o [1]
P_LNum_BeforeDownL      0x1ffface1      0x1  Data  Gb  search.o [1]
P_LNum_BeforeDownR      0x1ffface3      0x1  Data  Gb  search.o [1]
P_LOFlag                0x1fffad16      0x1  Data  Gb  search.o [1]
P_LOTmpEn               0x1fffad0e      0x1  Data  Gb  search.o [1]
P_LOTmpEn1              0x1fffac32      0x2  Data  Gb  search.o [1]
P_LOTmpEn2              0x1fffac3e      0x2  Data  Gb  search.o [1]
P_LOTmpSt               0x1fffad0d      0x1  Data  Gb  search.o [1]
P_LOTmpSt1              0x1fffac30      0x2  Data  Gb  search.o [1]
P_LOTmpSt2              0x1fffac3c      0x2  Data  Gb  search.o [1]
P_LStartFlag            0x1fffadaa      0x1  Data  Gb  search.o [1]
P_LState                0x1fffad22      0x1  Data  Gb  search.o [1]
P_LTemp                 0x1fffad1e      0x1  Data  Lc  search.o [1]
P_LTempNum              0x1fffad24      0x1  Data  Gb  search.o [1]
P_LVEnd                 0x1fffad3e      0x1  Data  Gb  search.o [1]
P_LVStart               0x1fffad3d      0x1  Data  Gb  search.o [1]
P_LastLine              0x1fffad3c      0x1  Data  Gb  search.o [1]
P_LastLineCenter        0x1fffadb2      0x1  Data  Gb  search.o [1]
P_LastLineWidth         0x1fffada9      0x1  Data  Gb  search.o [1]
P_LastSlEndLine         0x1fffacd7      0x1  Data  Gb  search.o [1]
P_LastSlEnd_L           0x1fffac20      0x2  Data  Gb  search.o [1]
P_LastSlEnd_R           0x1fffac22      0x2  Data  Gb  search.o [1]
P_LastSlStartLine       0x1fffacd6      0x1  Data  Gb  search.o [1]
P_LeftCurveDown         0x1fffa91c      0x4  Data  Gb  search.o [1]
P_LeftEdge              0x1fff9db8    0x208  Data  Gb  search.o [1]
P_LeftEdgeNum           0x1fffac52      0x2  Data  Gb  search.o [1]
P_LeftFlag              0x1fffada4      0x1  Data  Gb  search.o [1]
P_LeftRAEnLine          0x1fffad02      0x1  Data  Gb  search.o [1]
P_LeftRALine            0x1fffacf8      0x1  Data  Gb  search.o [1]
P_LeftRAStLine          0x1fffad01      0x1  Data  Gb  search.o [1]
P_LeftUp                0x1fffac60      0x2  Data  Gb  search.o [1]
P_Left_Done             0x1fffad5c      0x1  Data  Gb  search.o [1]
P_LineBuffer1           0x1fffa8f0      0xc  Data  Gb  search.o [1]
P_LineBuffer2           0x1fffa8fc      0xc  Data  Gb  search.o [1]
P_LineWhiteEnd          0x1fffa6b4    0x1dc  Data  Gb  search.o [1]
P_LineWhiteNum          0x1fffa890     0x60  Data  Gb  search.o [1]
P_LineWhiteStart        0x1fffa4d8    0x1dc  Data  Gb  search.o [1]
P_LoopFlag              0x1fffad1a      0x1  Data  Gb  search.o [1]
P_ModifyArray           0x1fffa1c8    0x208  Data  Gb  search.o [1]
P_ModifyArrayNum        0x1fffac56      0x2  Data  Gb  search.o [1]
P_NextFlag              0x1fffad28      0x1  Data  Gb  search.o [1]
P_NextFlagB             0x1fffacd2      0x1  Data  Gb  search.o [1]
P_NonStraight           0x1ffface9      0x1  Data  Gb  search.o [1]
P_OCov1                 0x1fffac44      0x2  Data  Gb  search.o [1]
P_OCov2                 0x1fffac46      0x2  Data  Gb  search.o [1]
P_ODis                  0x1fff9b88      0x4  Data  Gb  search.o [1]
P_OEnd                  0x1fffad0a      0x1  Data  Gb  search.o [1]
P_OEndLine              0x1fffad08      0x1  Data  Gb  search.o [1]
P_ONum                  0x1fffad17      0x1  Data  Gb  search.o [1]
P_OStart                0x1fffad09      0x1  Data  Gb  search.o [1]
P_OStartLine            0x1fffad07      0x1  Data  Gb  search.o [1]
P_OTmpEn                0x1fffad0c      0x1  Data  Gb  search.o [1]
P_OTmpEn1               0x1fffac2e      0x2  Data  Gb  search.o [1]
P_OTmpEn2               0x1fffac3a      0x2  Data  Gb  search.o [1]
P_OTmpEndLine           0x1fffad12      0x1  Data  Gb  search.o [1]
P_OTmpSt                0x1fffad0b      0x1  Data  Gb  search.o [1]
P_OTmpSt1               0x1fffac2c      0x2  Data  Gb  search.o [1]
P_OTmpSt2               0x1fffac38      0x2  Data  Gb  search.o [1]
P_OTmpStartLine         0x1fffad11      0x1  Data  Gb  search.o [1]
P_ObstacleFlag          0x1fffad14      0x1  Data  Gb  search.o [1]
P_ObstacleSolved        0x1fffad13      0x1  Data  Gb  search.o [1]
P_RBlock                0x1fffad7e      0x1  Data  Gb  search.o [1]
P_RCEnd                 0x1fffad73      0x1  Data  Gb  search.o [1]
P_RCLeftNum             0x1fffad74      0x1  Data  Gb  search.o [1]
P_RCLine                0x1fffad71      0x1  Data  Gb  search.o [1]
P_RCRightNum            0x1fffad75      0x1  Data  Gb  search.o [1]
P_RCStart               0x1fffad72      0x1  Data  Gb  search.o [1]
P_RCross                0x1fffad77      0x1  Data  Gb  search.o [1]
P_RCross_Status         0x1fffad7d      0x1  Data  Gb  search.o [1]
P_RCurveFlag            0x1fffad45      0x1  Data  Gb  search.o [1]
P_RFinalEnd             0x1fffad80      0x1  Data  Gb  search.o [1]
P_RFinalStart           0x1fffad7f      0x1  Data  Gb  search.o [1]
P_RHandleLine           0x1fffad1f      0x1  Data  Lc  search.o [1]
P_RLastLine1            0x1fffad7c      0x1  Data  Gb  search.o [1]
P_RLastLine2            0x1fffad7b      0x1  Data  Gb  search.o [1]
P_RLoopFlag             0x1fffad1b      0x1  Data  Gb  search.o [1]
P_RNewPointNum          0x1fffad20      0x1  Data  Gb  search.o [1]
P_RNum                  0x1fffad9a      0x1  Data  Gb  search.o [1]
P_RNum_AfterDownL       0x1fffacde      0x1  Data  Gb  search.o [1]
P_RNum_AfterDownR       0x1ffface0      0x1  Data  Gb  search.o [1]
P_RNum_BeforeDiverge    0x1ffface6      0x1  Data  Gb  search.o [1]
P_RNum_BeforeDownL      0x1ffface2      0x1  Data  Gb  search.o [1]
P_RNum_BeforeDownR      0x1ffface4      0x1  Data  Gb  search.o [1]
P_ROFlag                0x1fffad15      0x1  Data  Gb  search.o [1]
P_RStartFlag            0x1fffadab      0x1  Data  Gb  search.o [1]
P_RState                0x1fffad23      0x1  Data  Gb  search.o [1]
P_RTemp                 0x1fffad21      0x1  Data  Lc  search.o [1]
P_RTempNum              0x1fffad25      0x1  Data  Gb  search.o [1]
P_ReplayFlag            0x1fffad96      0x1  Data  Gb  search.o [1]
P_RightAngleFlag        0x1ffface8      0x1  Data  Gb  search.o [1]
P_RightCurveDown        0x1fffa920      0x4  Data  Gb  search.o [1]
P_RightEdge             0x1fff9fc0    0x208  Data  Gb  search.o [1]
P_RightEdgeNum          0x1fffac54      0x2  Data  Gb  search.o [1]
P_RightFlag             0x1fffada3      0x1  Data  Gb  search.o [1]
P_RightRAEnLine         0x1fffad00      0x1  Data  Gb  search.o [1]
P_RightRALine           0x1fffacf7      0x1  Data  Gb  search.o [1]
P_RightRAStLine         0x1fffacff      0x1  Data  Gb  search.o [1]
P_RightUp               0x1fffac62      0x2  Data  Gb  search.o [1]
P_Right_Done            0x1fffad5d      0x1  Data  Gb  search.o [1]
P_RowLineMax            0x1fffad2f      0x1  Data  Gb  search.o [1]
P_SCross                0x1fffad52      0x1  Data  Gb  search.o [1]
P_SCrossL               0x1fffad50      0x1  Data  Gb  search.o [1]
P_SCrossR               0x1fffad51      0x1  Data  Gb  search.o [1]
P_SCross_Status         0x1fffad59      0x1  Data  Gb  search.o [1]
P_SFlag2                0x1fffad5e      0x1  Data  Gb  search.o [1]
P_SLBlock               0x1fffad5b      0x1  Data  Gb  search.o [1]
P_SLEnd                 0x1fffad48      0x1  Data  Gb  search.o [1]
P_SLLeftNum             0x1fffad49      0x1  Data  Gb  search.o [1]
P_SLLine                0x1fffad46      0x1  Data  Gb  search.o [1]
P_SLRightNum            0x1fffad4a      0x1  Data  Gb  search.o [1]
P_SLStart               0x1fffad47      0x1  Data  Gb  search.o [1]
P_SLine2                0x1fffad60      0x1  Data  Gb  search.o [1]
P_SRBlock               0x1fffad5a      0x1  Data  Gb  search.o [1]
P_SREnd                 0x1fffad4d      0x1  Data  Gb  search.o [1]
P_SRLeftNum             0x1fffad4e      0x1  Data  Gb  search.o [1]
P_SRLine                0x1fffad4b      0x1  Data  Gb  search.o [1]
P_SRRightNum            0x1fffad4f      0x1  Data  Gb  search.o [1]
P_SRStart               0x1fffad4c      0x1  Data  Gb  search.o [1]
P_Scnt                  0x1fffad5f      0x1  Data  Gb  search.o [1]
P_SearchState           0x1fffad26      0x1  Data  Gb  search.o [1]
P_SearchStopFlag        0x1fffad27      0x1  Data  Gb  search.o [1]
P_SingleEn_LNo          0x1fffac26      0x2  Data  Gb  search.o [1]
P_SingleEn_RNo          0x1fffac2a      0x2  Data  Gb  search.o [1]
P_SingleEndLine         0x1fffacd5      0x1  Data  Gb  search.o [1]
P_SingleNum             0x1fffaccf      0x1  Data  Gb  search.o [1]
P_SingleSearchFlag      0x1fffacd0      0x1  Data  Gb  search.o [1]
P_SingleSolved          0x1fffacd1      0x1  Data  Gb  search.o [1]
P_SingleSt_LNo          0x1fffac24      0x2  Data  Gb  search.o [1]
P_SingleSt_RNo          0x1fffac28      0x2  Data  Gb  search.o [1]
P_SingleStartLine       0x1fffacd4      0x1  Data  Gb  search.o [1]
P_SlSearchLine          0x1fffacd3      0x1  Data  Gb  search.o [1]
P_SlopErrorOne          0x1fffa928      0x4  Data  Gb  search.o [1]
P_Start                 0x1fffa908      0x8  Data  Gb  search.o [1]
P_Start1                0x1fffad30      0x1  Data  Gb  search.o [1]
P_Start2                0x1fffad32      0x1  Data  Gb  search.o [1]
P_StopWaitFlag          0x1fffacea      0x1  Data  Gb  search.o [1]
P_Temp0                 0x1fffac74      0x2  Data  Gb  search.o [1]
P_Temp1                 0x1fffac76      0x2  Data  Gb  search.o [1]
P_Temp2                 0x1fffac78      0x2  Data  Gb  search.o [1]
P_Temp2B                0x1fffac1e      0x2  Data  Gb  search.o [1]
P_Temp3                 0x1fffac7a      0x2  Data  Gb  search.o [1]
P_Temp4                 0x1fffac7c      0x2  Data  Gb  search.o [1]
P_Temp5                 0x1fffac7e      0x2  Data  Gb  search.o [1]
P_TempLine              0x1fffad93      0x1  Data  Gb  search.o [1]
P_TempRANo              0x1fffad03      0x1  Data  Gb  search.o [1]
P_TmpA                  0x1fffad90      0x1  Data  Gb  search.o [1]
P_TmpB                  0x1fffad91      0x1  Data  Gb  search.o [1]
P_TmpBar_LNo            0x1fffaceb      0x1  Data  Gb  search.o [1]
P_TmpBar_RNo            0x1fffacec      0x1  Data  Gb  search.o [1]
P_TmpCenter_B           0x1fffacc9      0x1  Data  Gb  search.o [1]
P_TmpEn                 0x1fffad35      0x1  Data  Gb  search.o [1]
P_TmpEn2                0x1fffad8e      0x1  Data  Gb  search.o [1]
P_TmpEn_B               0x1fffacc8      0x1  Data  Gb  search.o [1]
P_TmpLine               0x1fffad8f      0x1  Data  Gb  search.o [1]
P_TmpSt                 0x1fffad34      0x1  Data  Gb  search.o [1]
P_TmpSt2                0x1fffad8d      0x1  Data  Gb  search.o [1]
P_TmpSt_B               0x1fffacc7      0x1  Data  Gb  search.o [1]
P_TrackType             0x1fffacdc      0x1  Data  Gb  search.o [1]
P_WhiteBreakLine        0x1fffacf3      0x1  Data  Gb  search.o [1]
P_WhiteCenter           0x1fffad29      0x1  Data  Gb  search.o [1]
P_WhiteWidth            0x1fffad2a      0x1  Data  Gb  search.o [1]
P_Width                 0x1fffad2c      0x1  Data  Gb  search.o [1]
P_tempRA                0x1fffad04      0x1  Data  Gb  search.o [1]
PointLimit_Percent      0x1fffadb6      0x1  Data  Gb  search.o [1]
Pulse_Counter_Init      0x00078355     0x84  Code  Gb  pulse_counter.o [1]
PutAck                  0x000755e7     0x94  Code  Gb  i2c.o [1]
R1                      0x1fffad78      0x1  Data  Gb  search.o [1]
R2                      0x1fffad79      0x1  Data  Gb  search.o [1]
R3                      0x1fffad7a      0x1  Data  Gb  search.o [1]
RA_outflag              0x1fffad05      0x1  Data  Gb  search.o [1]
R_outflag               0x1fffadb1      0x1  Data  Gb  search.o [1]
Region$$Table$$Base     0x00078830            --   Gb  - Linker created -
Region$$Table$$Limit    0x00078854            --   Gb  - Linker created -
Running                 0x00075c09    0x872  Code  Gb  schedule.o [1]
S                       0x1fffa960    0x208  Data  Gb  search.o [1]
S1                      0x1fffaca8      0x2  Data  Gb  search.o [1]
S2                      0x1fffacaa      0x2  Data  Gb  search.o [1]
S3                      0x1fffacac      0x2  Data  Gb  search.o [1]
SCCBwriteByte           0x0007719f    0x178  Code  Gb  sccb.o [1]
SIN_CONST               0x0007796c    0x25c  Data  Gb  math.o [1]
SM                      0x1fff0008      0x2  Data  Gb  schedule.o [1]
SPIHead                 0x1fff998c      0xc  Data  Gb  schedule.o [1]
SP_Count2               0x1fffadba      0x1  Data  Gb  search.o [1]
SP_Count3               0x1fffadbb      0x1  Data  Gb  search.o [1]
ScheduleInit            0x00075921    0x29e  Code  Gb  schedule.o [1]
Search                  0x00062d99   0x8112  Code  Gb  search.o [1]
Section_left            0x1fff0028     0x14  Data  Gb  calcenter.o [1]
Section_left_num        0x1fffabd0      0x2  Data  Gb  calcenter.o [1]
Section_right           0x1fff003c     0x14  Data  Gb  calcenter.o [1]
Section_right_num       0x1fffabd2      0x2  Data  Gb  calcenter.o [1]
See_LightADValue        0x00074bff     0xd2  Code  Gb  keyboard.o [1]
See_PulseCounter        0x000749f9    0x206  Code  Gb  keyboard.o [1]
Set_BottomCut           0x000744a5    0x116  Code  Gb  keyboard.o [1]
Set_BridgeShield        0x00074045     0xf6  Code  Gb  keyboard.o [1]
Set_DigitalCamera       0x00075021     0xc4  Code  Gb  keyboard.o [1]
Set_FinishStop          0x000730f9     0x6e  Code  Gb  keyboard.o [1]
Set_Idea                0x00073cf5    0x1b4  Code  Gb  keyboard.o [1]
Set_LightStart          0x000745c5     0xca  Code  Gb  keyboard.o [1]
Set_LocaKd              0x00074363    0x12e  Code  Gb  keyboard.o [1]
Set_Mid                 0x00073ba9    0x12e  Code  Gb  keyboard.o [1]
Set_MotorDiffer         0x000748a1     0x6e  Code  Gb  keyboard.o [1]
Set_ObstacleDis         0x00074ed3     0x82  Code  Gb  keyboard.o [1]
Set_OnTheBridgeTime     0x0007414d    0x100  Code  Gb  keyboard.o [1]
Set_OpenLoop            0x00073af1     0xae  Code  Gb  keyboard.o [1]
Set_PID                 0x00072dcf    0x114  Code  Gb  keyboard.o [1]
Set_PWM_MOT             0x000733e5    0x412  Code  Gb  keyboard.o [1]
Set_PWM_SVO             0x000737fd    0x15c  Code  Gb  keyboard.o [1]
Set_Path                0x00073965    0x17e  Code  Gb  keyboard.o [1]
Set_PathLimit           0x00074695     0xec  Code  Gb  keyboard.o [1]
Set_RABA_ShieldTime     0x00074f5d     0xc4  Code  Gb  keyboard.o [1]
Set_SendData            0x00073245    0x192  Code  Gb  keyboard.o [1]
Set_ShieldingTime       0x00073171     0xd2  Code  Gb  keyboard.o [1]
Set_SpecialControl      0x00074ce9    0x1ea  Code  Gb  keyboard.o [1]
Set_Speed               0x00072939    0x496  Code  Gb  keyboard.o [1]
Set_SpeedPidControl     0x00074919     0xbe  Code  Gb  keyboard.o [1]
Set_Sprint              0x00073eb5    0x18c  Code  Gb  keyboard.o [1]
Set_StopPathLimit       0x00074791    0x10c  Code  Gb  keyboard.o [1]
Set_StopTime            0x00074251    0x112  Code  Gb  keyboard.o [1]
Set_StopTimer           0x00073079     0x76  Code  Gb  keyboard.o [1]
Set_TempVar             0x000750e5     0x86  Code  Gb  keyboard.o [1]
Set_loca                0x00072ee3    0x18e  Code  Gb  keyboard.o [1]
SpeedPIDRefItem         0x1fffadb9      0x1  Data  Gb  search.o [1]
Speed_Dc                0x1fffacbb      0x1  Data  Gb  schedule.o [1]
Speed_Ref               0x1fffac9c      0x2  Data  Gb  search.o [1]
Speed_error             0x1fffabfc      0x2  Data  Gb  schedule.o [1]
Straight_count          0x1fff9980      0x4  Data  Gb  schedule.o [1]
Straight_flag           0x1fffacba      0x1  Data  Gb  schedule.o [1]
Straight_judge          0x00072027     0xa6  Code  Gb  calcenter.o [1]
SwitchNumber            0x00075789     0x52  Code  Gb  keyboard.o [1]
UpLimit_Line            0x1fffadb7      0x1  Data  Gb  search.o [1]
X1                      0x1fffadbc      0x1  Data  Gb  search.o [1]
X2                      0x1fffadbd      0x1  Data  Gb  search.o [1]
Y0                      0x1fffa950      0x4  Data  Gb  search.o [1]
Y1                      0x1fffa954      0x4  Data  Gb  search.o [1]
ZLG7290ClearAll         0x000757f5     0x1a  Code  Gb  keyboard.o [1]
ZLG7290ClearHalf        0x000757db     0x1a  Code  Gb  keyboard.o [1]
ZLG7290DisplayData      0x0007254d     0x40  Code  Gb  keyboard.o [1]
ZLG7290DownDisplayData  0x000725cd     0x40  Code  Gb  keyboard.o [1]
ZLG7290GetKeyAndDisplay
                        0x0007260d     0x66  Code  Gb  keyboard.o [1]
ZLG7290UpDisplayData    0x0007258d     0x40  Code  Gb  keyboard.o [1]
Z_Temp1                 0x1fffaca4      0x2  Data  Gb  search.o [1]
Z_Temp2                 0x1fffaca6      0x2  Data  Gb  search.o [1]
__aeabi_ldiv0           0x00072529           Code  Gb  I64DivZer.o [5]
__aeabi_ldivmod         0x000723c9           Code  Gb  I64DivMod.o [5]
__aeabi_uldivmod        0x0007240d           Code  Gb  I64DivMod.o [5]
__as_entries_start      0xffffffff            --   Gb  command line/config [2]
__as_table_start        0xffffffff            --   Gb  command line/config [2]
__cmain                 0x00078891           Code  Gb  cmain.o [5]
__exit                  0x000788c1     0x14  Code  Gb  exit.o [6]
__iar_copy_init3        0x000724fb     0x2e  Code  Gb  copy_init3.o [5]
__iar_data_init3        0x000787e1     0x28  Code  Gb  data_init.o [5]
__iar_init_vfp          0x00078875           Code  Gb  fpinit_M.o [4]
__iar_program_start     0x000788d5           Code  Gb  cstartup_M.o [5]
__iar_zero_init3        0x0007252b     0x22  Code  Gb  zero_init3.o [5]
__low_level_init        0x000788ab      0x4  Code  Gb  low_level_init.o [3]
__startup               0x000787a5           Code  Gb  crt0.o [1]
__vector_table          0x00000000    0x410  Data  Gb  vectors.o [1]
_call_main              0x0007889d           Code  Gb  cmain.o [5]
_exit                   0x000788b5           Code  Gb  cexit.o [5]
_i                      0x1fffad18      0x1  Data  Gb  search.o [1]
_io                     0x1fff9b4c      0x4  Data  Gb  search.o [1]
_m                      0x1fff9b50      0x4  Data  Gb  search.o [1]
_main                   0x000788a7           Code  Gb  cmain.o [5]
_n                      0x1fff9b54      0x4  Data  Gb  search.o [1]
ack                     0x1fffacb4      0x1  Data  Gb  i2c.o [1]
all_sp                  0x1fffab68     0x5c  Data  Gb  search.o [1]
center_t                0x1fff0050    0x398  Data  Gb  calcenter.o [1]
clkinit                 0x000785d1     0x74  Code  Gb  clkinit.o [1]
common_startup          0x00078501     0x74  Code  Gb  start.o [1]
control_init            0x00078785     0x20  Code  Gb  control.o [1]
core_clk_khz            0x1fff0410      0x4  Data  Gb  clkinit.o [1]
core_clk_mhz            0x1fff0414      0x4  Data  Gb  clkinit.o [1]
data_queue_1            0x1fff5f70   0x31f8  Data  Gb  dma.o [1]
default_isr             0x00078855     0x20  Code  Gb  vectors.o [1]
default_isr_n           0x1fffabcc      0x4  Data  Gb  vectors.o [1]
disable_irq             0x00077881     0x92  Code  Gb  interrupt.o [1]
dma_port_init           0x000775ad     0x32  Code  Gb  dma.o [1]
dotline                 0x1fff9b8c      0x4  Data  Gb  search.o [1]
enable_irq              0x00077787     0xfa  Code  Gb  interrupt.o [1]
exit                    0x000788af      0x4  Code  Gb  exit.o [3]
fb_clk_init             0x0007817d     0x16  Code  Gb  mcg.o [1]
g_AllPic                0x1fffacb2      0x1  Data  Gb  dma.o [1]
g_AllPicSendingCnt      0x1fffacb3      0x1  Data  Gb  dma.o [1]
g_BlackBar_ShiledTime   0x1fff0002      0x1  Data  Gb  schedule.o [1]
g_BlackLineCenter       0x1fff9a2c     0xc0  Data  Gb  search.o [1]
g_BlackLineWidth        0x1fff9aec     0x60  Data  Gb  search.o [1]
g_BottomLimit           0x1fffad39      0x1  Data  Gb  search.o [1]
g_BottomLine            0x1fffadb5      0x1  Data  Gb  search.o [1]
g_BottomMiddle          0x1fff0018      0x2  Data  Gb  search.o [1]
g_BottomMiddle_B        0x1fff000e      0x2  Data  Gb  search.o [1]
g_BottomValidLine       0x1fffac88      0x2  Data  Gb  search.o [1]
g_BridgeCnt             0x1fff9974      0x4  Data  Gb  schedule.o [1]
g_BridgeCnt2            0x1fff9978      0x4  Data  Gb  schedule.o [1]
g_BridgeEnable          0x1fffacb7      0x1  Data  Gb  schedule.o [1]
g_BridgeFlag            0x1fffacb5      0x1  Data  Gb  schedule.o [1]
g_BridgeFlag_pre        0x1fffacb6      0x1  Data  Gb  schedule.o [1]
g_BridgeShieldingTime   0x1fffabdc      0x2  Data  Gb  schedule.o [1]
g_BridgeSpeed           0x1fffac94      0x2  Data  Gb  search.o [1]
g_Bridge_Count          0x1fff997c      0x4  Data  Gb  schedule.o [1]
g_Bridge_Shield1        0x1fffabde      0x2  Data  Gb  schedule.o [1]
g_Bridge_Shield2        0x1fffabe0      0x2  Data  Gb  schedule.o [1]
g_CheckSum              0x1fffac0e      0x2  Data  Gb  schedule.o [1]
g_ControlNum            0x1fffaca2      0x2  Data  Gb  search.o [1]
g_Cross_CtrlEn          0x1fffacc1      0x1  Data  Gb  schedule.o [1]
g_D                     0x1fffabf2      0x2  Data  Gb  schedule.o [1]
g_DirectionControl      0x1fff001e      0x2  Data  Gb  search.o [1]
g_DirectionControlLine  0x1fffa95c      0x4  Data  Gb  search.o [1]
g_DirectionControlWhole
                        0x1fffa958      0x4  Data  Gb  search.o [1]
g_Dis                   0x1fffad3b      0x1  Data  Gb  search.o [1]
g_DownBridgeTime        0x1fff0000      0x2  Data  Gb  schedule.o [1]
g_DownFlag              0x1fffabda      0x2  Data  Gb  schedule.o [1]
g_FarValidLine          0x1fffac84      0x2  Data  Gb  search.o [1]
g_FinishStop            0x1fffacb9      0x1  Data  Gb  schedule.o [1]
g_FormerBottomMiddle    0x1fff001a      0x2  Data  Gb  search.o [1]
g_FormerBottomMiddle_B  0x1fff0010      0x2  Data  Gb  search.o [1]
g_FormerDirectionControl
                        0x1fff0020      0x2  Data  Gb  search.o [1]
g_FormerFarValidLine    0x1fffac86      0x2  Data  Gb  search.o [1]
g_FrameLength           0x1fffac0c      0x2  Data  Gb  schedule.o [1]
g_HighPoint             0x1fffac8e      0x2  Data  Gb  search.o [1]
g_HighSpeed             0x1fffac90      0x2  Data  Gb  search.o [1]
g_I                     0x1fffabf0      0x2  Data  Gb  schedule.o [1]
g_InterrupterFlag       0x1fffacbd      0x1  Data  Gb  schedule.o [1]
g_JudgeNumWtoB          0x1fffacd8      0x1  Data  Gb  search.o [1]
g_LTurnNum              0x1fffacdb      0x1  Data  Gb  search.o [1]
g_LastLineCenterB       0x1fffacce      0x1  Data  Gb  search.o [1]
g_LastLineWidthB        0x1fffaccd      0x1  Data  Gb  search.o [1]
g_LastLine_B            0x1fffaccb      0x1  Data  Gb  search.o [1]
g_LeftDis               0x1fffac64      0x2  Data  Gb  search.o [1]
g_LeftJudge             0x1fffadac      0x1  Data  Gb  search.o [1]
g_LeftJudgeStop         0x1fffadad      0x1  Data  Gb  search.o [1]
g_LeftLine              0x1fffad76      0x1  Data  Gb  search.o [1]
g_LeftRange             0x1fffac66      0x2  Data  Gb  search.o [1]
g_LightAD_Threshold     0x1fffabe4      0x2  Data  Gb  schedule.o [1]
g_LightStatusCnt_START  0x1fffacb8      0x1  Data  Gb  schedule.o [1]
g_LineCenter            0x1fffacca      0x1  Data  Gb  search.o [1]
g_LineCenter_B          0x1fffaccc      0x1  Data  Gb  search.o [1]
g_LineToUse             0x1fffabd6      0x2  Data  Gb  schedule.o [1]
g_LineWidth             0x1fffad3a      0x1  Data  Gb  search.o [1]
g_LocaKd                0x1fffac04      0x2  Data  Gb  schedule.o [1]
g_LowSpeed              0x1fffac92      0x2  Data  Gb  search.o [1]
g_MaxWidth              0x1fffac1c      0x2  Data  Gb  search.o [1]
g_MinWidth              0x1fffac1a      0x2  Data  Gb  search.o [1]
g_ModifyFlag            0x1fffada5      0x1  Data  Gb  search.o [1]
g_ModifyNum             0x1fffada6      0x1  Data  Gb  search.o [1]
g_MotorControl          0x1fff0022      0x2  Data  Gb  search.o [1]
g_MotorStopTime         0x1fff0024      0x1  Data  Gb  search.o [1]
g_Obstacle_CtrlEn       0x1fffacc0      0x1  Data  Gb  schedule.o [1]
g_OnTheBridgeTime       0x1fffabe2      0x2  Data  Gb  schedule.o [1]
g_OpenLoop              0x1fffacbc      0x1  Data  Gb  schedule.o [1]
g_OpenLoopSpeed         0x1fffac9a      0x2  Data  Gb  search.o [1]
g_P                     0x1fffabee      0x2  Data  Gb  schedule.o [1]
g_PICsequence           0x1fffac0a      0x2  Data  Gb  schedule.o [1]
g_PointInterval         0x1fffacaf      0x1  Data  Gb  dma.o [1]
g_PulseCount            0x1fff9988      0x4  Data  Gb  schedule.o [1]
g_PulseWhole            0x1fff9984      0x4  Data  Gb  schedule.o [1]
g_RAJudge               0x1fffad06      0x1  Data  Gb  search.o [1]
g_RTurnNum              0x1fffacda      0x1  Data  Gb  search.o [1]
g_RightAngle_CtrlEn     0x1fffacbf      0x1  Data  Gb  schedule.o [1]
g_RightAngle_ShiledTime
                        0x1fff0003      0x1  Data  Gb  schedule.o [1]
g_RightDis              0x1fffac68      0x2  Data  Gb  search.o [1]
g_RightJudge            0x1fffadae      0x1  Data  Gb  search.o [1]
g_RightJudgeStop        0x1fffadaf      0x1  Data  Gb  search.o [1]
g_RightLine             0x1fffad66      0x1  Data  Gb  search.o [1]
g_RightRange            0x1fffac6a      0x2  Data  Gb  search.o [1]
g_SD_ForPic             0x1fffacc3      0x1  Data  Gb  schedule.o [1]
g_SL_CtrlEn             0x1fffacbe      0x1  Data  Gb  schedule.o [1]
g_SearchCenter          0x1fffac18      0x2  Data  Gb  search.o [1]
g_SearchEnd             0x1fffac16      0x2  Data  Gb  search.o [1]
g_SearchStart           0x1fffac14      0x2  Data  Gb  search.o [1]
g_SendLCD               0x1fffacc2      0x1  Data  Gb  schedule.o [1]
g_SendPic               0x1fffacc4      0x1  Data  Gb  schedule.o [1]
g_SendSD                0x1fffacc5      0x1  Data  Gb  schedule.o [1]
g_Servor_p              0x1fffac8c      0x2  Data  Gb  search.o [1]
g_ShieldingTime         0x1fffabe6      0x2  Data  Gb  schedule.o [1]
g_SlowdownSpeed         0x1fffac96      0x2  Data  Gb  search.o [1]
g_SprintEnable          0x1fffadb8      0x1  Data  Gb  search.o [1]
g_StartPoint            0x1fffa924      0x4  Data  Gb  search.o [1]
g_StopTimer             0x1fffac00      0x2  Data  Gb  schedule.o [1]
g_StraightNum           0x1fffacd9      0x1  Data  Gb  search.o [1]
g_StraightSpeed         0x1fffac98      0x2  Data  Gb  search.o [1]
g_TailZero              0x1fff9a18      0x4  Data  Gb  schedule.o [1]
g_UpFlag                0x1fffabd8      0x2  Data  Gb  schedule.o [1]
g_ValidLine             0x1fffac82      0x2  Data  Gb  search.o [1]
g_VideoOri_ptr          0x1fff5f6c      0x4  Data  Gb  dma.o [1]
g_back                  0x00000410  0x4bc60  Data  Gb  const.o [1]
g_center                0x1fffac8a      0x2  Data  Gb  search.o [1]
g_correct               0x0004c070  0x16d28  Data  Gb  const.o [1]
g_dis1                  0x1fffa92c      0x4  Data  Gb  search.o [1]
g_dis2                  0x1fffa930      0x4  Data  Gb  search.o [1]
g_dis3                  0x1fffa934      0x4  Data  Gb  search.o [1]
g_enx0                  0x1fff9b60      0x4  Data  Gb  search.o [1]
g_enx1                  0x1fff9b70      0x4  Data  Gb  search.o [1]
g_enx2                  0x1fff9b80      0x4  Data  Gb  search.o [1]
g_eny0                  0x1fff9b64      0x4  Data  Gb  search.o [1]
g_eny1                  0x1fff9b74      0x4  Data  Gb  search.o [1]
g_eny2                  0x1fff9b84      0x4  Data  Gb  search.o [1]
g_lcrx                  0x1fff9b90      0x4  Data  Gb  search.o [1]
g_lcry                  0x1fff9b94      0x4  Data  Gb  search.o [1]
g_leftnum               0x1fffa3d0     0x84  Data  Gb  search.o [1]
g_leftsidecnt           0x1fffad37      0x1  Data  Gb  search.o [1]
g_line                  0x1fffabd4      0x2  Data  Gb  schedule.o [1]
g_line_cnt              0x1fffad36      0x1  Data  Gb  search.o [1]
g_line_select           0x00078424     0xc8  Data  Gb  const.o [1]
g_lx                    0x1fffac6c      0x2  Data  Gb  search.o [1]
g_lx1                   0x1fffac48      0x2  Data  Gb  search.o [1]
g_ly                    0x1fffac6e      0x2  Data  Gb  search.o [1]
g_ly1                   0x1fffac4a      0x2  Data  Gb  search.o [1]
g_path_Area             0x1fff0014      0x2  Data  Gb  search.o [1]
g_path_width            0x1fff0012      0x2  Data  Gb  search.o [1]
g_path_zoom             0x1fff0016      0x2  Data  Gb  search.o [1]
g_point_down            0x1fff93c0    0x1f4  Data  Gb  schedule.o [1]
g_point_down_ptr        0x1fff95b8      0x4  Data  Gb  schedule.o [1]
g_point_up              0x1fff91cc    0x1f4  Data  Gb  schedule.o [1]
g_point_up_ptr          0x1fff95b4      0x4  Data  Gb  schedule.o [1]
g_point_used_down       0x1fff9798    0x1dc  Data  Gb  schedule.o [1]
g_point_used_up         0x1fff95bc    0x1dc  Data  Gb  schedule.o [1]
g_pulse_right           0x1fffabf4      0x2  Data  Gb  schedule.o [1]
g_rclx                  0x1fff9b98      0x4  Data  Gb  search.o [1]
g_rcly                  0x1fff9b9c      0x4  Data  Gb  search.o [1]
g_rightnum              0x1fffa454     0x84  Data  Gb  search.o [1]
g_rightsidecnt          0x1fffad38      0x1  Data  Gb  search.o [1]
g_rrx0                  0x1fff9ba0      0x4  Data  Gb  search.o [1]
g_rrx1                  0x1fff9ba8      0x4  Data  Gb  search.o [1]
g_rry0                  0x1fff9ba4      0x4  Data  Gb  search.o [1]
g_rry1                  0x1fff9bac      0x4  Data  Gb  search.o [1]
g_run_count             0x1fffacc6      0x1  Data  Gb  schedule.o [1]
g_rx                    0x1fffac70      0x2  Data  Gb  search.o [1]
g_rx1                   0x1fffac4c      0x2  Data  Gb  search.o [1]
g_ry                    0x1fffac72      0x2  Data  Gb  search.o [1]
g_ry1                   0x1fffac4e      0x2  Data  Gb  search.o [1]
g_stx0                  0x1fff9b58      0x4  Data  Gb  search.o [1]
g_stx1                  0x1fff9b68      0x4  Data  Gb  search.o [1]
g_stx2                  0x1fff9b78      0x4  Data  Gb  search.o [1]
g_sty0                  0x1fff9b5c      0x4  Data  Gb  search.o [1]
g_sty1                  0x1fff9b6c      0x4  Data  Gb  search.o [1]
g_sty2                  0x1fff9b7c      0x4  Data  Gb  search.o [1]
g_tempLine              0x1fffacf5      0x1  Data  Gb  search.o [1]
g_x0                    0x1fffa938      0x4  Data  Gb  search.o [1]
g_x1                    0x1fffa940      0x4  Data  Gb  search.o [1]
g_x2                    0x1fffa948      0x4  Data  Gb  search.o [1]
g_y0                    0x1fffa93c      0x4  Data  Gb  search.o [1]
g_y1                    0x1fffa944      0x4  Data  Gb  search.o [1]
g_y2                    0x1fffa94c      0x4  Data  Gb  search.o [1]
gpio_init               0x0007820d    0x148  Code  Gb  gpio.o [1]
href_isr                0x000774f3     0xba  Code  Gb  dma.o [1]
i2c_init                0x000751e9     0x46  Code  Gb  i2c.o [1]
i2c_read_byte           0x000754ef     0xf8  Code  Gb  i2c.o [1]
i2c_read_register       0x0007575d     0x2c  Code  Gb  i2c.o [1]
i2c_start               0x0007522f     0xae  Code  Gb  i2c.o [1]
i2c_stop                0x000752dd     0xa4  Code  Gb  i2c.o [1]
i2c_write_byte          0x00075381    0x16e  Code  Gb  i2c.o [1]
i2c_write_reg2byte      0x0007567b     0x6c  Code  Gb  i2c.o [1]
i2c_write_regNsame      0x000756e7     0x50  Code  Gb  i2c.o [1]
img_Cnt                 0x1fffacb1      0x1  Data  Gb  dma.o [1]
img_binary              0x1fffacae      0x1  Data  Gb  dma.o [1]
img_flag                0x1fffacb0      0x1  Data  Gb  dma.o [1]
int_cos                 0x0006cc29     0x78  Code  Gb  math.o [1]
int_degree              0x0006cb65     0xc4  Code  Gb  math.o [1]
int_sin                 0x0006cca1     0x72  Code  Gb  math.o [1]
int_sqrt                0x0006cb31     0x34  Code  Gb  math.o [1]
interrupt_init          0x00077705     0x82  Code  Gb  interrupt.o [1]
judge_pre               0x1fff03e8     0x28  Data  Gb  calcenter.o [1]
ktemp1                  0x1fff9168      0x4  Data  Gb  keyboard.o [1]
line                    0x1fffad19      0x1  Data  Gb  search.o [1]
loca_C                  0x1fffabfa      0x2  Data  Gb  schedule.o [1]
loca_FL                 0x1fffabf6      0x2  Data  Gb  schedule.o [1]
loca_FR                 0x1fffabf8      0x2  Data  Gb  schedule.o [1]
loca_PIDCalc            0x0007228d     0x94  Code  Gb  pid.o [1]
loca_PIDInit            0x0007224d     0x24  Code  Gb  pid.o [1]
m                       0x1fffabc8      0x4  Data  Gb  vectors.o [1]
main                    0x00078645     0x24  Code  Gb  main.o [1]
mt9v022_init            0x00076f61     0xc0  Code  Gb  sccb.o [1]
periph_clk_khz          0x1fff0418      0x4  Data  Gb  clkinit.o [1]
periph_clk_mhz          0x1fff041c      0x4  Data  Gb  clkinit.o [1]
pit_4000uS_isr          0x0007651d     0xf0  Code  Gb  schedule.o [1]
pll_init                0x00078055    0x112  Code  Gb  mcg.o [1]
pwm_init                0x00077e21      0xc  Code  Gb  pwm.o [1]
pwm_motor_init          0x00077e2d    0x14a  Code  Gb  pwm.o [1]
pwm_servo_init          0x00077f77     0x5c  Code  Gb  pwm.o [1]
sPID                    0x1fff916c     0x20  Data  Gb  pid.o [1]
sPID_Speed              0x1fff918c     0x20  Data  Gb  pid.o [1]
sPID_Speed_D            0x1fff91ac     0x20  Data  Gb  pid.o [1]
sSPI_Data               0x1fff9998     0x80  Data  Gb  schedule.o [1]
sSPI_DataLength         0x1fffac08      0x2  Data  Gb  schedule.o [1]
sccb_init               0x00076f01     0x60  Code  Gb  sccb.o [1]
sccb_write              0x00077317     0xa8  Code  Gb  sccb.o [1]
sd_count                0x1fffac06      0x2  Data  Gb  schedule.o [1]
set_irq_priority        0x00077913     0x10  Code  Gb  interrupt.o [1]
set_sys_dividers        0x000781c1     0x4c  Code  Gb  mcg.o [1]
speed_PIDCalc           0x00072321     0x7a  Code  Gb  pid.o [1]
speed_PIDInit           0x00072271     0x1c  Code  Gb  pid.o [1]
spi_init                0x00076731     0x76  Code  Gb  spi.o [1]
spi_send_vector         0x000767a7     0x3e  Code  Gb  spi.o [1]
start                   0x000784ed     0x14  Code  Gb  start.o [1]
startSCCB               0x00077021     0xda  Code  Gb  sccb.o [1]
stopSCCB                0x000770fb     0xa4  Code  Gb  sccb.o [1]
system_init             0x00078675     0x8c  Code  Gb  systeminit.o [1]
timer_init              0x00078701     0x84  Code  Gb  timer.o [1]
trace_clk_init          0x00078167     0x16  Code  Gb  mcg.o [1]
uart_init               0x00076829    0x176  Code  Gb  uart.o [1]
uart_putchar            0x0007699f      0xe  Code  Gb  uart.o [1]
uart_putvec             0x000769ad     0x1c  Code  Gb  uart.o [1]
video_ori               0x1fff0420   0x5b4c  Data  Gb  dma.o [1]
vsync_isr               0x000773ff     0xf4  Code  Gb  dma.o [1]
vv_max                  0x1fff0006      0x2  Data  Gb  schedule.o [1]
vv_min                  0x1fff0004      0x2  Data  Gb  schedule.o [1]
wdog_disable            0x0007859d     0x16  Code  Gb  wdog.o [1]
wdog_unlock             0x000785b5     0x14  Code  Gb  wdog.o [1]
write_vtor              0x00078669      0x6  Code  Gb  core.o [1]


[1] = E:\smartcar\程序\k66数字\数字摄像头20160427\output\FLASH\Obj
[2] = command line
[3] = dl7M_tln.a
[4] = m7M_tlv.a
[5] = rt7M_tl.a
[6] = shb_l.a

   86 136 bytes of readonly  code memory
  407 680 bytes of readonly  data memory
   44 475 bytes of readwrite data memory

Errors: 3
Warnings: none
