###############################################################################
#
# IAR ELF Linker V7.20.2.7424/W32 for ARM                 02/Nov/2017  21:02:10
# Copyright 2007-2014 IAR Systems AB.
#
#    Output file  =  
#        C:\Users\lenovo\Desktop\2017校内赛摄像头四轮例程\output\FLASH\Exe\smart.out
#    Map file     =  
#        C:\Users\lenovo\Desktop\2017校内赛摄像头四轮例程\output\FLASH\List\smart.map
#    Command line =  
#        C:\Users\lenovo\Desktop\2017校内赛摄像头四轮例程\output\FLASH\Obj\3IN1.o
#        C:\Users\lenovo\Desktop\2017校内赛摄像头四轮例程\output\FLASH\Obj\adc.o
#        C:\Users\lenovo\Desktop\2017校内赛摄像头四轮例程\output\FLASH\Obj\clkinit.o
#        C:\Users\lenovo\Desktop\2017校内赛摄像头四轮例程\output\FLASH\Obj\core.o
#        C:\Users\lenovo\Desktop\2017校内赛摄像头四轮例程\output\FLASH\Obj\crt0.o
#        C:\Users\lenovo\Desktop\2017校内赛摄像头四轮例程\output\FLASH\Obj\gpio.o
#        C:\Users\lenovo\Desktop\2017校内赛摄像头四轮例程\output\FLASH\Obj\i2c.o
#        C:\Users\lenovo\Desktop\2017校内赛摄像头四轮例程\output\FLASH\Obj\i2chard.o
#        C:\Users\lenovo\Desktop\2017校内赛摄像头四轮例程\output\FLASH\Obj\interrupt.o
#        C:\Users\lenovo\Desktop\2017校内赛摄像头四轮例程\output\FLASH\Obj\keyboard.o
#        C:\Users\lenovo\Desktop\2017校内赛摄像头四轮例程\output\FLASH\Obj\keyboard_oled.o
#        C:\Users\lenovo\Desktop\2017校内赛摄像头四轮例程\output\FLASH\Obj\main.o
#        C:\Users\lenovo\Desktop\2017校内赛摄像头四轮例程\output\FLASH\Obj\mcg.o
#        C:\Users\lenovo\Desktop\2017校内赛摄像头四轮例程\output\FLASH\Obj\pid.o
#        C:\Users\lenovo\Desktop\2017校内赛摄像头四轮例程\output\FLASH\Obj\print.o
#        C:\Users\lenovo\Desktop\2017校内赛摄像头四轮例程\output\FLASH\Obj\pulse_counter.o
#        C:\Users\lenovo\Desktop\2017校内赛摄像头四轮例程\output\FLASH\Obj\pwm.o
#        C:\Users\lenovo\Desktop\2017校内赛摄像头四轮例程\output\FLASH\Obj\sccb.o
#        C:\Users\lenovo\Desktop\2017校内赛摄像头四轮例程\output\FLASH\Obj\schedule.o
#        C:\Users\lenovo\Desktop\2017校内赛摄像头四轮例程\output\FLASH\Obj\spi.o
#        C:\Users\lenovo\Desktop\2017校内赛摄像头四轮例程\output\FLASH\Obj\start.o
#        C:\Users\lenovo\Desktop\2017校内赛摄像头四轮例程\output\FLASH\Obj\systeminit.o
#        C:\Users\lenovo\Desktop\2017校内赛摄像头四轮例程\output\FLASH\Obj\timer.o
#        C:\Users\lenovo\Desktop\2017校内赛摄像头四轮例程\output\FLASH\Obj\uart.o
#        C:\Users\lenovo\Desktop\2017校内赛摄像头四轮例程\output\FLASH\Obj\vectors.o
#        C:\Users\lenovo\Desktop\2017校内赛摄像头四轮例程\output\FLASH\Obj\wdog.o
#        --redirect _Printf=_PrintfFull --redirect _Scanf=_ScanfFull -o
#        C:\Users\lenovo\Desktop\2017校内赛摄像头四轮例程\output\FLASH\Exe\smart.out
#        --map
#        C:\Users\lenovo\Desktop\2017校内赛摄像头四轮例程\output\FLASH\List\smart.map
#        --config
#        C:\Users\lenovo\Desktop\2017校内赛摄像头四轮例程\source\link\Pflash.icf
#        --semihosting --entry __iar_program_start --vfe
#
###############################################################################

*******************************************************************************
*** RUNTIME MODEL ATTRIBUTES
***

CppFlavor       = *
__SystemLibrary = DLib


*******************************************************************************
*** PLACEMENT SUMMARY
***

"A1":  place at 0x00000000 { ro section .intvec };
"A2":  place at 0x00000410 { ro section .noinit };
"P1":  place in [from 0x00000000 to 0x0007ffff] { ro, block CodeRelocate };
"P2":  place in [from 0x1fff0410 to 0x1fffffff] |
                [from 0x20000000 to 0x2000ffff] {
          rw, block CodeRelocateRam, block CSTACK, block HEAP };

  Section              Kind        Address    Size  Object
  -------              ----        -------    ----  ------
"A1":                                        0x410
  .intvec              const    0x00000000   0x410  vectors.o [1]
                              - 0x00000410   0x410

"P1", part 1 of 2:                             0x0
  .rodata              const    0x00000410     0x0  zero_init3.o [5]

"A2":                                         0x3c
  .noinit              ro code  0x00000410    0x3c  crt0.o [1]
                              - 0x0000044c    0x3c

"P1", part 2 of 2:                          0x33ac
  .text                ro code  0x0000044c  0x1154  schedule.o [1]
  .text                ro code  0x000015a0   0x140  pid.o [1]
  .text                ro code  0x000016e0   0x258  interrupt.o [1]
  .text                ro code  0x00001938    0x2c  I32ToDbl.o [4]
  .text                ro code  0x00001964   0x1a2  DblMul.o [4]
  .text                ro code  0x00001b06    0x22  zero_init3.o [5]
  .text                ro code  0x00001b28   0x180  DblSub.o [4]
  .text                ro code  0x00001ca8    0x4c  DblToI32.o [4]
  .text                ro code  0x00001cf4    0xe8  DblAdd.o [4]
  .text                ro code  0x00001ddc   0x1d8  uart.o [1]
  .text                ro code  0x00001fb4    0x2e  I32ToFlt.o [4]
  .text                ro code  0x00001fe4    0xd8  FltMul.o [4]
  .text                ro code  0x000020bc    0x84  FltAdd.o [4]
  .text                ro code  0x00002140    0x44  FltToS32.o [4]
  .text                ro code  0x00002184   0x132  I64DivMod.o [5]
  .text                ro code  0x000022b8    0xd6  FltSub.o [4]
  .text                ro code  0x00002390     0x2  I64DivZer.o [5]
  .text                ro code  0x00002394   0x578  sccb.o [1]
  .rodata              const    0x0000290c   0x508  sccb.o [1]
  Veneer               ro code  0x00002e14     0x8  - Linker created -
  .text                ro code  0x00002e1c   0x1f0  mcg.o [1]
  .text                ro code  0x0000300c   0x184  gpio.o [1]
  .text                ro code  0x00003190   0x170  pwm.o [1]
  .text                ro code  0x00003300    0xb0  start.o [1]
  .text                ro code  0x000033b0    0x38  wdog.o [1]
  .text                ro code  0x000033e8    0x70  clkinit.o [1]
  .text                ro code  0x00003458    0x54  main.o [1]
  .text                ro code  0x000034ac     0xc  core.o [1]
  .text                ro code  0x000034b8    0x64  systeminit.o [1]
  .text                ro code  0x0000351c    0x8c  timer.o [1]
  .text                ro code  0x000035a8    0x74  pulse_counter.o [1]
  .text                ro code  0x0000361c    0x68  i2c.o [1]
  .text                ro code  0x00003684    0x5c  i2chard.o [1]
  CodeRelocate                  0x000036e0    0x4c  <Block>
    Initializer bytes  ro data  0x000036e0    0x4c  <for CodeRelocateRam-1>
  .text                ro code  0x0000372c    0x28  data_init.o [5]
  .text                ro code  0x00003754    0x24  vectors.o [1]
  .iar.init_table      const    0x00003778    0x10  - Linker created -
  .text                ro code  0x00003788    0x1a  cmain.o [5]
  .text                ro code  0x000037a2     0x4  low_level_init.o [3]
  .text                ro code  0x000037a6     0x4  exit.o [3]
  .text                ro code  0x000037ac     0xa  cexit.o [5]
  .text                ro code  0x000037b8    0x14  exit.o [6]
  .text                ro code  0x000037cc     0xc  cstartup_M.o [5]
  .rodata              const    0x000037d8     0x8  schedule.o [1]
  .rodata              const    0x000037e0     0x8  schedule.o [1]
  .rodata              const    0x000037e8     0x8  schedule.o [1]
  .data_init                    0x000037f0     0x8  <Block>
    Initializer bytes  ro data  0x000037f0     0x8  <for .data-1>
                              - 0x000037f8  0x33ac

"P2":                                       0x2b32
  CodeRelocateRam               0x1fff0410    0x4c  <Block>
    CodeRelocateRam-1           0x1fff0410    0x4c  <Init block>
      .textrw          inited   0x1fff0410    0x4c  mcg.o [1]
  .data                         0x1fff045c     0x8  <Block>
    .data-1                     0x1fff045c     0x8  <Init block>
      .data            inited   0x1fff045c     0x4  schedule.o [1]
      .data            inited   0x1fff0460     0x4  schedule.o [1]
  .bss                          0x1fff0464  0x2ade  <Block>
    .bss               zero     0x1fff0464     0x4  clkinit.o [1]
    .bss               zero     0x1fff0468     0x4  clkinit.o [1]
    .bss               zero     0x1fff046c     0x4  clkinit.o [1]
    .bss               zero     0x1fff0470     0x4  clkinit.o [1]
    .bss               zero     0x1fff0474     0x4  pid.o [1]
    .bss               zero     0x1fff0478     0x4  pid.o [1]
    .bss               zero     0x1fff047c     0x4  pid.o [1]
    .bss               zero     0x1fff0480     0x4  pid.o [1]
    .bss               zero     0x1fff0484     0x4  pid.o [1]
    .bss               zero     0x1fff0488     0x4  pid.o [1]
    .bss               zero     0x1fff048c    0x2c  pid.o [1]
    .bss               zero     0x1fff04b8    0x2c  pid.o [1]
    .bss               zero     0x1fff04e4     0x4  schedule.o [1]
    .bss               zero     0x1fff04e8     0x4  schedule.o [1]
    .bss               zero     0x1fff04ec     0x4  schedule.o [1]
    .bss               zero     0x1fff04f0     0x4  schedule.o [1]
    .bss               zero     0x1fff04f4     0x4  schedule.o [1]
    .bss               zero     0x1fff04f8     0x4  schedule.o [1]
    .bss               zero     0x1fff04fc   0x140  schedule.o [1]
    .bss               zero     0x1fff063c   0x140  schedule.o [1]
    .bss               zero     0x1fff077c   0x140  schedule.o [1]
    .bss               zero     0x1fff08bc  0x25f8  schedule.o [1]
    .bss               zero     0x1fff2eb4     0x4  schedule.o [1]
    .bss               zero     0x1fff2eb8     0x4  schedule.o [1]
    .bss               zero     0x1fff2ebc     0x4  schedule.o [1]
    .bss               zero     0x1fff2ec0     0x4  schedule.o [1]
    .bss               zero     0x1fff2ec4    0x14  schedule.o [1]
    .bss               zero     0x1fff2ed8    0x14  schedule.o [1]
    .bss               zero     0x1fff2eec     0x4  schedule.o [1]
    .bss               zero     0x1fff2ef0     0xc  schedule.o [1]
    .bss               zero     0x1fff2efc     0x4  schedule.o [1]
    .bss               zero     0x1fff2f00     0x4  schedule.o [1]
    .bss               zero     0x1fff2f04     0x4  schedule.o [1]
    .bss               zero     0x1fff2f08     0x4  schedule.o [1]
    .bss               zero     0x1fff2f0c     0x4  schedule.o [1]
    .bss               zero     0x1fff2f10     0x4  schedule.o [1]
    .bss               zero     0x1fff2f14     0x4  schedule.o [1]
    .bss               zero     0x1fff2f18     0x4  schedule.o [1]
    .bss               zero     0x1fff2f1c     0x4  schedule.o [1]
    .bss               zero     0x1fff2f20     0x4  schedule.o [1]
    .bss               zero     0x1fff2f24     0x4  schedule.o [1]
    .bss               zero     0x1fff2f28     0x4  schedule.o [1]
    .bss               zero     0x1fff2f2c     0x4  schedule.o [1]
    .bss               zero     0x1fff2f30     0x4  vectors.o [1]
    .bss               zero     0x1fff2f34     0x4  vectors.o [1]
    .bss               zero     0x1fff2f38     0x2  schedule.o [1]
    .bss               zero     0x1fff2f3a     0x2  schedule.o [1]
    .bss               zero     0x1fff2f3c     0x2  schedule.o [1]
    .bss               zero     0x1fff2f3e     0x1  schedule.o [1]
    .bss               zero     0x1fff2f3f     0x1  schedule.o [1]
    .bss               zero     0x1fff2f40     0x1  schedule.o [1]
    .bss               zero     0x1fff2f41     0x1  schedule.o [1]
                              - 0x1fff2f42  0x2b32


*******************************************************************************
*** INIT TABLE
***

          Address     Size
          -------     ----
Zero (__iar_zero_init3)
    1 destination range, total size 0x2ade:
          0x1fff0464  0x2ade



*******************************************************************************
*** MODULE SUMMARY
***

    Module            ro code  rw code  ro data  rw data
    ------            -------  -------  -------  -------
C:\Users\lenovo\Desktop\2017校内赛摄像头四轮例程\output\FLASH\Obj: [1]
    clkinit.o             112                         16
    core.o                 12
    crt0.o                 60
    gpio.o                388
    i2c.o                 104
    i2chard.o              92
    interrupt.o           600
    main.o                 84
    mcg.o                 496       76       76
    pid.o                 320                        112
    pulse_counter.o       116
    pwm.o                 368
    sccb.o              1 400             1 288
    schedule.o          4 436                32   10 846
    start.o               176
    systeminit.o          100
    timer.o               140
    uart.o                472
    vectors.o              36             1 040        8
    wdog.o                 56
    ----------------------------------------------------
    Total:              9 568       76    2 436   10 982

command line: [2]
    ----------------------------------------------------
    Total:

dl7M_tln.a: [3]
    exit.o                  4
    low_level_init.o        4
    ----------------------------------------------------
    Total:                  8

m7M_tl.a: [4]
    DblAdd.o              232
    DblMul.o              418
    DblSub.o              384
    DblToI32.o             76
    FltAdd.o              132
    FltMul.o              216
    FltSub.o              214
    FltToS32.o             68
    I32ToDbl.o             44
    I32ToFlt.o             46
    ----------------------------------------------------
    Total:              1 830

rt7M_tl.a: [5]
    I64DivMod.o           306
    I64DivZer.o             2
    cexit.o                10
    cmain.o                26
    cstartup_M.o           12
    data_init.o            40
    zero_init3.o           34
    ----------------------------------------------------
    Total:                430

shb_l.a: [6]
    exit.o                 20
    ----------------------------------------------------
    Total:                 20

    Gaps                   12
    Linker created          8                16
--------------------------------------------------------
    Grand Total:       11 876       76    2 452   10 982


*******************************************************************************
*** ENTRY LIST
***

Entry                      Address    Size  Type      Object
-----                      -------    ----  ----      ------
.bss$$Base              0x1fff0464           --   Gb  - Linker created -
.bss$$Limit             0x1fff2f42           --   Gb  - Linker created -
.data$$Base             0x1fff045c           --   Gb  - Linker created -
.data$$Limit            0x1fff0464           --   Gb  - Linker created -
.data_init$$Base        0x000037f0           --   Gb  - Linker created -
.data_init$$Limit       0x000037f8           --   Gb  - Linker created -
?main                   0x00003789          Code  Gb  cmain.o [5]
Car_Run                 0x000013c1    0x92  Code  Gb  schedule.o [1]
Car_Turn                0x00001479    0x94  Code  Gb  schedule.o [1]
CodeRelocate$$Base      0x000036e0           --   Gb  - Linker created -
CodeRelocate$$Limit     0x0000372c           --   Gb  - Linker created -
CodeRelocateRam$$Base   0x1fff0410           --   Gb  - Linker created -
CodeRelocateRam$$Limit  0x1fff045c           --   Gb  - Linker created -
MT9V022_reg             0x0000290c   0x508  Data  Gb  sccb.o [1]
Motor_PIDInit           0x000015ad    0x46  Code  Gb  pid.o [1]
Move_Edg_L              0x1fff2f24     0x4  Data  Gb  schedule.o [1]
Move_Edg_R              0x1fff2f28     0x4  Data  Gb  schedule.o [1]
PID_Init                0x000015a1     0xc  Code  Gb  pid.o [1]
Region$$Table$$Base     0x00003778           --   Gb  - Linker created -
Region$$Table$$Limit    0x00003788           --   Gb  - Linker created -
Running                 0x00000545     0x8  Code  Gb  schedule.o [1]
Running_Init            0x0000047d    0xc8  Code  Gb  schedule.o [1]
SCCBwriteByte           0x00002677   0x1aa  Code  Gb  sccb.o [1]
ScheduleInit            0x0000044d    0x30  Code  Gb  schedule.o [1]
Search                  0x00000741   0xc32  Code  Gb  schedule.o [1]
Temp                    0x1fff2ec0     0x4  Data  Gb  schedule.o [1]
Turn_PIDInit            0x000015f3    0x46  Code  Gb  pid.o [1]
__BOOT_STACK_ADDRESS {Abs}
                        0x2000fff8           --   Gb  command line/config [2]
__VECTOR_RAM {Abs}      0x1fff0000           --   Gb  command line/config [2]
__VECTOR_TABLE {Abs}    0x00000000           --   Gb  command line/config [2]
__aeabi_d2iz            0x00001ca9          Code  Gb  DblToI32.o [4]
__aeabi_dadd            0x00001cf5          Code  Gb  DblAdd.o [4]
__aeabi_dmul            0x00001965          Code  Gb  DblMul.o [4]
__aeabi_dsub            0x00001b29          Code  Gb  DblSub.o [4]
__aeabi_f2iz            0x00002141          Code  Gb  FltToS32.o [4]
__aeabi_fadd            0x000020bd          Code  Gb  FltAdd.o [4]
__aeabi_fmul            0x00001fe5          Code  Gb  FltMul.o [4]
__aeabi_i2d             0x00001939          Code  Gb  I32ToDbl.o [4]
__aeabi_i2f             0x00001fb5          Code  Gb  I32ToFlt.o [4]
__aeabi_ldiv0           0x00002391          Code  Gb  I64DivZer.o [5]
__aeabi_ldivmod         0x00002185          Code  Gb  I64DivMod.o [5]
__aeabi_uldivmod        0x000021c9          Code  Gb  I64DivMod.o [5]
__as_entries_start      0xffffffff           --   Gb  command line/config [2]
__as_table_start        0xffffffff           --   Gb  command line/config [2]
__cmain                 0x00003789          Code  Gb  cmain.o [5]
__exit                  0x000037b9    0x14  Code  Gb  exit.o [6]
__iar_d2uiz             0x00001cd5          Code  Gb  DblToI32.o [4]
__iar_dadd              0x00001d09          Code  Gb  DblAdd.o [4]
__iar_data_init3        0x0000372d    0x28  Code  Gb  data_init.o [5]
__iar_dsub              0x00001b3d          Code  Gb  DblSub.o [4]
__iar_dsubStart         0x00001b4f          Code  Gb  DblSub.o [4]
__iar_fadd              0x000020cd          Code  Gb  FltAdd.o [4]
__iar_fsub              0x000022b9          Code  Gb  FltSub.o [4]
__iar_fsubStart         0x000022c9          Code  Gb  FltSub.o [4]
__iar_program_start     0x000037cd          Code  Gb  cstartup_M.o [5]
__iar_ui2d              0x0000194d          Code  Gb  I32ToDbl.o [4]
__iar_ui2f              0x00001fc9          Code  Gb  I32ToFlt.o [4]
__iar_zero_init3        0x00001b07    0x22  Code  Gb  zero_init3.o [5]
__low_level_init        0x000037a3     0x4  Code  Gb  low_level_init.o [3]
__startup               0x00000411          Code  Gb  crt0.o [1]
__vector_table          0x00000000   0x410  Data  Gb  vectors.o [1]
_call_main              0x00003795          Code  Gb  cmain.o [5]
_exit                   0x000037ad          Code  Gb  cexit.o [5]
_main                   0x0000379f          Code  Gb  cmain.o [5]
clkinit                 0x000033e9    0x70  Code  Gb  clkinit.o [1]
common_startup          0x00003315    0x74  Code  Gb  start.o [1]
core_clk_khz            0x1fff0464     0x4  Data  Gb  clkinit.o [1]
core_clk_mhz            0x1fff0468     0x4  Data  Gb  clkinit.o [1]
default_isr             0x00003755    0x24  Code  Gb  vectors.o [1]
default_isr_n           0x1fff2f34     0x4  Data  Gb  vectors.o [1]
disable_irq             0x00001847    0x90  Code  Gb  interrupt.o [1]
enable_irq              0x00001757    0xf0  Code  Gb  interrupt.o [1]
exit                    0x000037a7     0x4  Code  Gb  exit.o [3]
fb_clk_init             0x00002fc9    0x16  Code  Gb  mcg.o [1]
g_BEnum                 0x1fff2f3a     0x2  Data  Gb  schedule.o [1]
g_CenterNum             0x1fff2eb4     0x4  Data  Gb  schedule.o [1]
g_CenterPosition        0x1fff04fc   0x140  Data  Gb  schedule.o [1]
g_Cover                 0x1fff2eec     0x4  Data  Gb  schedule.o [1]
g_CoverIndex            0x1fff2ef0     0xc  Data  Gb  schedule.o [1]
g_CoverNum              0x1fff2f40     0x1  Data  Gb  schedule.o [1]
g_DirectionControl      0x1fff045c     0x4  Data  Gb  schedule.o [1]
g_DirectionControlLine  0x1fff2f00     0x4  Data  Gb  schedule.o [1]
g_DirectionControlWhole
                        0x1fff2efc     0x4  Data  Gb  schedule.o [1]
g_DirectionError        0x1fff2f04     0x4  Data  Gb  schedule.o [1]
g_Display               0x1fff04ec     0x4  Data  Gb  schedule.o [1]
g_End                   0x1fff2ed8    0x14  Data  Gb  schedule.o [1]
g_FormerDirectionControl
                        0x1fff0460     0x4  Data  Gb  schedule.o [1]
g_ImageLine             0x1fff04e8     0x4  Data  Gb  schedule.o [1]
g_LeftEdge              0x1fff063c   0x140  Data  Gb  schedule.o [1]
g_LeftEdgeNum           0x1fff2eb8     0x4  Data  Gb  schedule.o [1]
g_Line                  0x1fff04e4     0x4  Data  Gb  schedule.o [1]
g_LineToDiv             0x1fff04f4     0x4  Data  Gb  schedule.o [1]
g_PwmMotor              0x1fff2f20     0x4  Data  Gb  schedule.o [1]
g_PwmServo              0x1fff2f0c     0x4  Data  Gb  schedule.o [1]
g_RightEdge             0x1fff077c   0x140  Data  Gb  schedule.o [1]
g_RightEdgeNum          0x1fff2ebc     0x4  Data  Gb  schedule.o [1]
g_SEnum                 0x1fff2f38     0x2  Data  Gb  schedule.o [1]
g_SearchFlag            0x1fff2f3f     0x1  Data  Gb  schedule.o [1]
g_SendIndex             0x1fff2f3c     0x2  Data  Gb  schedule.o [1]
g_SendPic               0x1fff2f41     0x1  Data  Gb  schedule.o [1]
g_Start                 0x1fff2ec4    0x14  Data  Gb  schedule.o [1]
g_VideoFlag             0x1fff2f3e     0x1  Data  Gb  schedule.o [1]
g_pulse                 0x1fff2f1c     0x4  Data  Gb  schedule.o [1]
g_speed_d               0x1fff0488     0x4  Data  Gb  pid.o [1]
g_speed_final           0x1fff2f10     0x4  Data  Gb  schedule.o [1]
g_speed_i               0x1fff0484     0x4  Data  Gb  pid.o [1]
g_speed_p               0x1fff0480     0x4  Data  Gb  pid.o [1]
g_time                  0x1fff2f2c     0x4  Data  Gb  schedule.o [1]
g_turn_d                0x1fff0478     0x4  Data  Gb  pid.o [1]
g_turn_i                0x1fff047c     0x4  Data  Gb  pid.o [1]
g_turn_p                0x1fff0474     0x4  Data  Gb  pid.o [1]
gpio_init               0x0000300d   0x184  Code  Gb  gpio.o [1]
href_isr                0x0000059d   0x128  Code  Gb  schedule.o [1]
i2c_init                0x0000361d    0x56  Code  Gb  i2c.o [1]
i2c_init_add            0x00003685    0x46  Code  Gb  i2chard.o [1]
img_Cnt                 0x1fff04f8     0x4  Data  Gb  schedule.o [1]
interrupt_init          0x000016e1    0x76  Code  Gb  interrupt.o [1]
last_g_DirectionError   0x1fff2f08     0x4  Data  Gb  schedule.o [1]
m                       0x1fff2f30     0x4  Data  Gb  vectors.o [1]
main                    0x00003459    0x54  Code  Gb  main.o [1]
motorPID                0x1fff048c    0x2c  Data  Gb  pid.o [1]
mt9v022_init            0x00002405    0xd8  Code  Gb  sccb.o [1]
p                       0x1fff04f0     0x4  Data  Gb  schedule.o [1]
periph_clk_khz          0x1fff046c     0x4  Data  Gb  clkinit.o [1]
periph_clk_mhz          0x1fff0470     0x4  Data  Gb  clkinit.o [1]
pit_4000uS_isr          0x00001379    0x3c  Code  Gb  schedule.o [1]
pll_init                0x00002e1d   0x196  Code  Gb  mcg.o [1]
pulse_counter_init      0x000035a9    0x74  Code  Gb  pulse_counter.o [1]
pwm_init                0x00003191     0xc  Code  Gb  pwm.o [1]
pwm_motor_init          0x0000319d    0x8c  Code  Gb  pwm.o [1]
pwm_servo_init          0x00003229    0x68  Code  Gb  pwm.o [1]
sccb_init               0x00002395    0x70  Code  Gb  sccb.o [1]
sccb_write              0x00002821    0xc6  Code  Gb  sccb.o [1]
set_irq_priority        0x0000191d    0x1c  Code  Gb  interrupt.o [1]
set_sys_dividers        0x1fff0411    0x4c  Code  Gb  mcg.o [1]
start                   0x00003301    0x14  Code  Gb  start.o [1]
startSCCB               0x000024dd    0xea  Code  Gb  sccb.o [1]
stopSCCB                0x000025c7    0xb0  Code  Gb  sccb.o [1]
system_init             0x000034b9    0x64  Code  Gb  systeminit.o [1]
timer_init              0x0000351d    0x8c  Code  Gb  timer.o [1]
trace_clk_init          0x00002fb3    0x16  Code  Gb  mcg.o [1]
turnPID                 0x1fff04b8    0x2c  Data  Gb  pid.o [1]
turn_d                  0x1fff2f18     0x4  Data  Gb  schedule.o [1]
turn_p                  0x1fff2f14     0x4  Data  Gb  schedule.o [1]
uart_init               0x00001ddd   0x17e  Code  Gb  uart.o [1]
uart_putchar            0x00001f5b     0xe  Code  Gb  uart.o [1]
uart_putvec             0x00001f69    0x1c  Code  Gb  uart.o [1]
v_PIDCalc               0x00001661    0x80  Code  Gb  pid.o [1]
video_ori               0x1fff08bc  0x25f8  Data  Gb  schedule.o [1]
vsync_isr               0x0000054d    0x50  Code  Gb  schedule.o [1]
wdog_disable            0x000033b1    0x16  Code  Gb  wdog.o [1]
wdog_unlock             0x000033c9    0x16  Code  Gb  wdog.o [1]
write_vtor              0x000034ad     0x6  Code  Gb  core.o [1]


[1] = C:\Users\lenovo\Desktop\2017校内赛摄像头四轮例程\output\FLASH\Obj
[2] = command line
[3] = dl7M_tln.a
[4] = m7M_tl.a
[5] = rt7M_tl.a
[6] = shb_l.a

  11 876 bytes of readonly  code memory
      76 bytes of readwrite code memory
   2 452 bytes of readonly  data memory
  10 982 bytes of readwrite data memory

Errors: none
Warnings: none
